Last login: Thu Jun 23 11:40:17 on ttys001
(base) chandurajini@Chandus-MacBook-Air ~ % open -t .bash_profile
(base) chandurajini@Chandus-MacBook-Air ~ % export PATH=${Path}:/usr/local/mysql-8.0.28-macos11-arm64/bin
(base) chandurajini@Chandus-MacBook-Air ~ % mysql -u root -p
Enter password: 
Welcome to the MySQL monitor.  Commands end with ; or \g.
Your MySQL connection id is 10
Server version: 8.0.28 MySQL Community Server - GPL

Copyright (c) 2000, 2022, Oracle and/or its affiliates.

Oracle is a registered trademark of Oracle Corporation and/or its
affiliates. Other names may be trademarks of their respective
owners.

Type 'help;' or '\h' for help. Type '\c' to clear the current input statement.

mysql> show databases;
+--------------------+
| Database           |
+--------------------+
| classicmodels      |
| information_schema |
| mysql              |
| performance_schema |
| School             |
| sys                |
| university         |
+--------------------+
7 rows in set (0.00 sec)

mysql> use classicmodels;
Reading table information for completion of table and column names
You can turn off this feature to get a quicker startup with -A

Database changed
mysql> show tables;
+-------------------------+
| Tables_in_classicmodels |
+-------------------------+
| customers               |
| employees               |
| offices                 |
| orderdetails            |
| orders                  |
| payments                |
| productlines            |
| products                |
+-------------------------+
8 rows in set (0.00 sec)

mysql> selcet * from payments;
ERROR 1064 (42000): You have an error in your SQL syntax; check the manual that corresponds to your MySQL server version for the right syntax to use near 'selcet * from payments' at line 1
mysql> select * From payments;
+----------------+-------------+-------------+-----------+
| customerNumber | checkNumber | paymentDate | amount    |
+----------------+-------------+-------------+-----------+
|            103 | HQ336336    | 2004-10-19  |   6066.78 |
|            103 | JM555205    | 2003-06-05  |  14571.44 |
|            103 | OM314933    | 2004-12-18  |   1676.14 |
|            112 | BO864823    | 2004-12-17  |  14191.12 |
|            112 | HQ55022     | 2003-06-06  |  32641.98 |
|            112 | ND748579    | 2004-08-20  |  33347.88 |
|            114 | GG31455     | 2003-05-20  |  45864.03 |
|            114 | MA765515    | 2004-12-15  |  82261.22 |
|            114 | NP603840    | 2003-05-31  |   7565.08 |
|            114 | NR27552     | 2004-03-10  |  44894.74 |
|            119 | DB933704    | 2004-11-14  |  19501.82 |
|            119 | LN373447    | 2004-08-08  |  47924.19 |
|            119 | NG94694     | 2005-02-22  |  49523.67 |
|            121 | DB889831    | 2003-02-16  |  50218.95 |
|            121 | FD317790    | 2003-10-28  |   1491.38 |
|            121 | KI831359    | 2004-11-04  |  17876.32 |
|            121 | MA302151    | 2004-11-28  |  34638.14 |
|            124 | AE215433    | 2005-03-05  | 101244.59 |
|            124 | BG255406    | 2004-08-28  |  85410.87 |
|            124 | CQ287967    | 2003-04-11  |  11044.30 |
|            124 | ET64396     | 2005-04-16  |  83598.04 |
|            124 | HI366474    | 2004-12-27  |  47142.70 |
|            124 | HR86578     | 2004-11-02  |  55639.66 |
|            124 | KI131716    | 2003-08-15  | 111654.40 |
|            124 | LF217299    | 2004-03-26  |  43369.30 |
|            124 | NT141748    | 2003-11-25  |  45084.38 |
|            128 | DI925118    | 2003-01-28  |  10549.01 |
|            128 | FA465482    | 2003-10-18  |  24101.81 |
|            128 | FH668230    | 2004-03-24  |  33820.62 |
|            128 | IP383901    | 2004-11-18  |   7466.32 |
|            129 | DM826140    | 2004-12-08  |  26248.78 |
|            129 | ID449593    | 2003-12-11  |  23923.93 |
|            129 | PI42991     | 2003-04-09  |  16537.85 |
|            131 | CL442705    | 2003-03-12  |  22292.62 |
|            131 | MA724562    | 2004-12-02  |  50025.35 |
|            131 | NB445135    | 2004-09-11  |  35321.97 |
|            141 | AU364101    | 2003-07-19  |  36251.03 |
|            141 | DB583216    | 2004-11-01  |  36140.38 |
|            141 | DL460618    | 2005-05-19  |  46895.48 |
|            141 | HJ32686     | 2004-01-30  |  59830.55 |
|            141 | ID10962     | 2004-12-31  | 116208.40 |
|            141 | IN446258    | 2005-03-25  |  65071.26 |
|            141 | JE105477    | 2005-03-18  | 120166.58 |
|            141 | JN355280    | 2003-10-26  |  49539.37 |
|            141 | JN722010    | 2003-02-25  |  40206.20 |
|            141 | KT52578     | 2003-12-09  |  63843.55 |
|            141 | MC46946     | 2004-07-09  |  35420.74 |
|            141 | MF629602    | 2004-08-16  |  20009.53 |
|            141 | NU627706    | 2004-05-17  |  26155.91 |
|            144 | IR846303    | 2004-12-12  |  36005.71 |
|            144 | LA685678    | 2003-04-09  |   7674.94 |
|            145 | CN328545    | 2004-07-03  |   4710.73 |
|            145 | ED39322     | 2004-04-26  |  28211.70 |
|            145 | HR182688    | 2004-12-01  |  20564.86 |
|            145 | JJ246391    | 2003-02-20  |  53959.21 |
|            146 | FP549817    | 2004-03-18  |  40978.53 |
|            146 | FU793410    | 2004-01-16  |  49614.72 |
|            146 | LJ160635    | 2003-12-10  |  39712.10 |
|            148 | BI507030    | 2003-04-22  |  44380.15 |
|            148 | DD635282    | 2004-08-11  |   2611.84 |
|            148 | KM172879    | 2003-12-26  | 105743.00 |
|            148 | ME497970    | 2005-03-27  |   3516.04 |
|            151 | BF686658    | 2003-12-22  |  58793.53 |
|            151 | GB852215    | 2004-07-26  |  20314.44 |
|            151 | IP568906    | 2003-06-18  |  58841.35 |
|            151 | KI884577    | 2004-12-14  |  39964.63 |
|            157 | HI618861    | 2004-11-19  |  35152.12 |
|            157 | NN711988    | 2004-09-07  |  63357.13 |
|            161 | BR352384    | 2004-11-14  |   2434.25 |
|            161 | BR478494    | 2003-11-18  |  50743.65 |
|            161 | KG644125    | 2005-02-02  |  12692.19 |
|            161 | NI908214    | 2003-08-05  |  38675.13 |
|            166 | BQ327613    | 2004-09-16  |  38785.48 |
|            166 | DC979307    | 2004-07-07  |  44160.92 |
|            166 | LA318629    | 2004-02-28  |  22474.17 |
|            167 | ED743615    | 2004-09-19  |  12538.01 |
|            167 | GN228846    | 2003-12-03  |  85024.46 |
|            171 | GB878038    | 2004-03-15  |  18997.89 |
|            171 | IL104425    | 2003-11-22  |  42783.81 |
|            172 | AD832091    | 2004-09-09  |   1960.80 |
|            172 | CE51751     | 2004-12-04  |  51209.58 |
|            172 | EH208589    | 2003-04-20  |  33383.14 |
|            173 | GP545698    | 2004-05-13  |  11843.45 |
|            173 | IG462397    | 2004-03-29  |  20355.24 |
|            175 | CITI3434344 | 2005-05-19  |  28500.78 |
|            175 | IO448913    | 2003-11-19  |  24879.08 |
|            175 | PI15215     | 2004-07-10  |  42044.77 |
|            177 | AU750837    | 2004-04-17  |  15183.63 |
|            177 | CI381435    | 2004-01-19  |  47177.59 |
|            181 | CM564612    | 2004-04-25  |  22602.36 |
|            181 | GQ132144    | 2003-01-30  |   5494.78 |
|            181 | OH367219    | 2004-11-16  |  44400.50 |
|            186 | AE192287    | 2005-03-10  |  23602.90 |
|            186 | AK412714    | 2003-10-27  |  37602.48 |
|            186 | KA602407    | 2004-10-21  |  34341.08 |
|            187 | AM968797    | 2004-11-03  |  52825.29 |
|            187 | BQ39062     | 2004-12-08  |  47159.11 |
|            187 | KL124726    | 2003-03-27  |  48425.69 |
|            189 | BO711618    | 2004-10-03  |  17359.53 |
|            189 | NM916675    | 2004-03-01  |  32538.74 |
|            198 | FI192930    | 2004-12-06  |   9658.74 |
|            198 | HQ920205    | 2003-07-06  |   6036.96 |
|            198 | IS946883    | 2004-09-21  |   5858.56 |
|            201 | DP677013    | 2003-10-20  |  23908.24 |
|            201 | OO846801    | 2004-06-15  |  37258.94 |
|            202 | HI358554    | 2003-12-18  |  36527.61 |
|            202 | IQ627690    | 2004-11-08  |  33594.58 |
|            204 | GC697638    | 2004-08-13  |  51152.86 |
|            204 | IS150005    | 2004-09-24  |   4424.40 |
|            205 | GL756480    | 2003-12-04  |   3879.96 |
|            205 | LL562733    | 2003-09-05  |  50342.74 |
|            205 | NM739638    | 2005-02-06  |  39580.60 |
|            209 | BOAF82044   | 2005-05-03  |  35157.75 |
|            209 | ED520529    | 2004-06-21  |   4632.31 |
|            209 | PH785937    | 2004-05-04  |  36069.26 |
|            211 | BJ535230    | 2003-12-09  |  45480.79 |
|            216 | BG407567    | 2003-05-09  |   3101.40 |
|            216 | ML780814    | 2004-12-06  |  24945.21 |
|            216 | MM342086    | 2003-12-14  |  40473.86 |
|            219 | BN17870     | 2005-03-02  |   3452.75 |
|            219 | BR941480    | 2003-10-18  |   4465.85 |
|            227 | MQ413968    | 2003-10-31  |  36164.46 |
|            227 | NU21326     | 2004-11-02  |  53745.34 |
|            233 | BOFA23232   | 2005-05-20  |  29070.38 |
|            233 | II180006    | 2004-07-01  |  22997.45 |
|            233 | JG981190    | 2003-11-18  |  16909.84 |
|            239 | NQ865547    | 2004-03-15  |  80375.24 |
|            240 | IF245157    | 2004-11-16  |  46788.14 |
|            240 | JO719695    | 2004-03-28  |  24995.61 |
|            242 | AF40894     | 2003-11-22  |  33818.34 |
|            242 | HR224331    | 2005-06-03  |  12432.32 |
|            242 | KI744716    | 2003-07-21  |  14232.70 |
|            249 | IJ399820    | 2004-09-19  |  33924.24 |
|            249 | NE404084    | 2004-09-04  |  48298.99 |
|            250 | EQ12267     | 2005-05-17  |  17928.09 |
|            250 | HD284647    | 2004-12-30  |  26311.63 |
|            250 | HN114306    | 2003-07-18  |  23419.47 |
|            256 | EP227123    | 2004-02-10  |   5759.42 |
|            256 | HE84936     | 2004-10-22  |  53116.99 |
|            259 | EU280955    | 2004-11-06  |  61234.67 |
|            259 | GB361972    | 2003-12-07  |  27988.47 |
|            260 | IO164641    | 2004-08-30  |  37527.58 |
|            260 | NH776924    | 2004-04-24  |  29284.42 |
|            276 | EM979878    | 2005-02-09  |  27083.78 |
|            276 | KM841847    | 2003-11-13  |  38547.19 |
|            276 | LE432182    | 2003-09-28  |  41554.73 |
|            276 | OJ819725    | 2005-04-30  |  29848.52 |
|            278 | BJ483870    | 2004-12-05  |  37654.09 |
|            278 | GP636783    | 2003-03-02  |  52151.81 |
|            278 | NI983021    | 2003-11-24  |  37723.79 |
|            282 | IA793562    | 2003-08-03  |  24013.52 |
|            282 | JT819493    | 2004-08-02  |  35806.73 |
|            282 | OD327378    | 2005-01-03  |  31835.36 |
|            286 | DR578578    | 2004-10-28  |  47411.33 |
|            286 | KH910279    | 2004-09-05  |  43134.04 |
|            298 | AJ574927    | 2004-03-13  |  47375.92 |
|            298 | LF501133    | 2004-09-18  |  61402.00 |
|            299 | AD304085    | 2003-10-24  |  36798.88 |
|            299 | NR157385    | 2004-09-05  |  32260.16 |
|            311 | DG336041    | 2005-02-15  |  46770.52 |
|            311 | FA728475    | 2003-10-06  |  32723.04 |
|            311 | NQ966143    | 2004-04-25  |  16212.59 |
|            314 | LQ244073    | 2004-08-09  |  45352.47 |
|            314 | MD809704    | 2004-03-03  |  16901.38 |
|            319 | HL685576    | 2004-11-06  |  42339.76 |
|            319 | OM548174    | 2003-12-07  |  36092.40 |
|            320 | GJ597719    | 2005-01-18  |   8307.28 |
|            320 | HO576374    | 2003-08-20  |  41016.75 |
|            320 | MU817160    | 2003-11-24  |  52548.49 |
|            321 | DJ15149     | 2003-11-03  |  85559.12 |
|            321 | LA556321    | 2005-03-15  |  46781.66 |
|            323 | AL493079    | 2005-05-23  |  75020.13 |
|            323 | ES347491    | 2004-06-24  |  37281.36 |
|            323 | HG738664    | 2003-07-05  |   2880.00 |
|            323 | PQ803830    | 2004-12-24  |  39440.59 |
|            324 | DQ409197    | 2004-12-13  |  13671.82 |
|            324 | FP443161    | 2003-07-07  |  29429.14 |
|            324 | HB150714    | 2003-11-23  |  37455.77 |
|            328 | EN930356    | 2004-04-16  |   7178.66 |
|            328 | NR631421    | 2004-05-30  |  31102.85 |
|            333 | HL209210    | 2003-11-15  |  23936.53 |
|            333 | JK479662    | 2003-10-17  |   9821.32 |
|            333 | NF959653    | 2005-03-01  |  21432.31 |
|            334 | CS435306    | 2005-01-27  |  45785.34 |
|            334 | HH517378    | 2003-08-16  |  29716.86 |
|            334 | LF737277    | 2004-05-22  |  28394.54 |
|            339 | AP286625    | 2004-10-24  |  23333.06 |
|            339 | DA98827     | 2003-11-28  |  34606.28 |
|            344 | AF246722    | 2003-11-24  |  31428.21 |
|            344 | NJ906924    | 2004-04-02  |  15322.93 |
|            347 | DG700707    | 2004-01-18  |  21053.69 |
|            347 | LG808674    | 2003-10-24  |  20452.50 |
|            350 | BQ602907    | 2004-12-11  |  18888.31 |
|            350 | CI471510    | 2003-05-25  |  50824.66 |
|            350 | OB648482    | 2005-01-29  |   1834.56 |
|            353 | CO351193    | 2005-01-10  |  49705.52 |
|            353 | ED878227    | 2003-07-21  |  13920.26 |
|            353 | GT878649    | 2003-05-21  |  16700.47 |
|            353 | HJ618252    | 2005-06-09  |  46656.94 |
|            357 | AG240323    | 2003-12-16  |  20220.04 |
|            357 | NB291497    | 2004-05-15  |  36442.34 |
|            362 | FP170292    | 2004-07-11  |  18473.71 |
|            362 | OG208861    | 2004-09-21  |  15059.76 |
|            363 | HL575273    | 2004-11-17  |  50799.69 |
|            363 | IS232033    | 2003-01-16  |  10223.83 |
|            363 | PN238558    | 2003-12-05  |  55425.77 |
|            379 | CA762595    | 2005-02-12  |  28322.83 |
|            379 | FR499138    | 2003-09-16  |  32680.31 |
|            379 | GB890854    | 2004-08-02  |  12530.51 |
|            381 | BC726082    | 2004-12-03  |  12081.52 |
|            381 | CC475233    | 2003-04-19  |   1627.56 |
|            381 | GB117430    | 2005-02-03  |  14379.90 |
|            381 | MS154481    | 2003-08-22  |   1128.20 |
|            382 | CC871084    | 2003-05-12  |  35826.33 |
|            382 | CT821147    | 2004-08-01  |   6419.84 |
|            382 | PH29054     | 2004-11-27  |  42813.83 |
|            385 | BN347084    | 2003-12-02  |  20644.24 |
|            385 | CP804873    | 2004-11-19  |  15822.84 |
|            385 | EK785462    | 2003-03-09  |  51001.22 |
|            386 | DO106109    | 2003-11-18  |  38524.29 |
|            386 | HG438769    | 2004-07-18  |  51619.02 |
|            398 | AJ478695    | 2005-02-14  |  33967.73 |
|            398 | DO787644    | 2004-06-21  |  22037.91 |
|            398 | JPMR4544    | 2005-05-18  |    615.45 |
|            398 | KB54275     | 2004-11-29  |  48927.64 |
|            406 | BJMPR4545   | 2005-04-23  |  12190.85 |
|            406 | HJ217687    | 2004-01-28  |  49165.16 |
|            406 | NA197101    | 2004-06-17  |  25080.96 |
|            412 | GH197075    | 2004-07-25  |  35034.57 |
|            412 | PJ434867    | 2004-04-14  |  31670.37 |
|            415 | ER54537     | 2004-09-28  |  31310.09 |
|            424 | KF480160    | 2004-12-07  |  25505.98 |
|            424 | LM271923    | 2003-04-16  |  21665.98 |
|            424 | OA595449    | 2003-10-31  |  22042.37 |
|            447 | AO757239    | 2003-09-15  |   6631.36 |
|            447 | ER615123    | 2003-06-25  |  17032.29 |
|            447 | OU516561    | 2004-12-17  |  26304.13 |
|            448 | FS299615    | 2005-04-18  |  27966.54 |
|            448 | KR822727    | 2004-09-30  |  48809.90 |
|            450 | EF485824    | 2004-06-21  |  59551.38 |
|            452 | ED473873    | 2003-11-15  |  27121.90 |
|            452 | FN640986    | 2003-11-20  |  15130.97 |
|            452 | HG635467    | 2005-05-03  |   8807.12 |
|            455 | HA777606    | 2003-12-05  |  38139.18 |
|            455 | IR662429    | 2004-05-12  |  32239.47 |
|            456 | GJ715659    | 2004-11-13  |  27550.51 |
|            456 | MO743231    | 2004-04-30  |   1679.92 |
|            458 | DD995006    | 2004-11-15  |  33145.56 |
|            458 | NA377824    | 2004-02-06  |  22162.61 |
|            458 | OO606861    | 2003-06-13  |  57131.92 |
|            462 | ED203908    | 2005-04-15  |  30293.77 |
|            462 | GC60330     | 2003-11-08  |   9977.85 |
|            462 | PE176846    | 2004-11-27  |  48355.87 |
|            471 | AB661578    | 2004-07-28  |   9415.13 |
|            471 | CO645196    | 2003-12-10  |  35505.63 |
|            473 | LL427009    | 2004-02-17  |   7612.06 |
|            473 | PC688499    | 2003-10-27  |  17746.26 |
|            475 | JP113227    | 2003-12-09  |   7678.25 |
|            475 | PB951268    | 2004-02-13  |  36070.47 |
|            484 | GK294076    | 2004-10-26  |   3474.66 |
|            484 | JH546765    | 2003-11-29  |  47513.19 |
|            486 | BL66528     | 2004-04-14  |   5899.38 |
|            486 | HS86661     | 2004-11-23  |  45994.07 |
|            486 | JB117768    | 2003-03-20  |  25833.14 |
|            487 | AH612904    | 2003-09-28  |  29997.09 |
|            487 | PT550181    | 2004-02-29  |  12573.28 |
|            489 | OC773849    | 2003-12-04  |  22275.73 |
|            489 | PO860906    | 2004-01-31  |   7310.42 |
|            495 | BH167026    | 2003-12-26  |  59265.14 |
|            495 | FN155234    | 2004-05-14  |   6276.60 |
|            496 | EU531600    | 2005-05-25  |  30253.75 |
|            496 | MB342426    | 2003-07-16  |  32077.44 |
|            496 | MN89921     | 2004-12-31  |  52166.00 |
+----------------+-------------+-------------+-----------+
273 rows in set (0.00 sec)

mysql> select checkNumber From payments;
+-------------+
| checkNumber |
+-------------+
| HQ336336    |
| JM555205    |
| OM314933    |
| BO864823    |
| HQ55022     |
| ND748579    |
| GG31455     |
| MA765515    |
| NP603840    |
| NR27552     |
| DB933704    |
| LN373447    |
| NG94694     |
| DB889831    |
| FD317790    |
| KI831359    |
| MA302151    |
| AE215433    |
| BG255406    |
| CQ287967    |
| ET64396     |
| HI366474    |
| HR86578     |
| KI131716    |
| LF217299    |
| NT141748    |
| DI925118    |
| FA465482    |
| FH668230    |
| IP383901    |
| DM826140    |
| ID449593    |
| PI42991     |
| CL442705    |
| MA724562    |
| NB445135    |
| AU364101    |
| DB583216    |
| DL460618    |
| HJ32686     |
| ID10962     |
| IN446258    |
| JE105477    |
| JN355280    |
| JN722010    |
| KT52578     |
| MC46946     |
| MF629602    |
| NU627706    |
| IR846303    |
| LA685678    |
| CN328545    |
| ED39322     |
| HR182688    |
| JJ246391    |
| FP549817    |
| FU793410    |
| LJ160635    |
| BI507030    |
| DD635282    |
| KM172879    |
| ME497970    |
| BF686658    |
| GB852215    |
| IP568906    |
| KI884577    |
| HI618861    |
| NN711988    |
| BR352384    |
| BR478494    |
| KG644125    |
| NI908214    |
| BQ327613    |
| DC979307    |
| LA318629    |
| ED743615    |
| GN228846    |
| GB878038    |
| IL104425    |
| AD832091    |
| CE51751     |
| EH208589    |
| GP545698    |
| IG462397    |
| CITI3434344 |
| IO448913    |
| PI15215     |
| AU750837    |
| CI381435    |
| CM564612    |
| GQ132144    |
| OH367219    |
| AE192287    |
| AK412714    |
| KA602407    |
| AM968797    |
| BQ39062     |
| KL124726    |
| BO711618    |
| NM916675    |
| FI192930    |
| HQ920205    |
| IS946883    |
| DP677013    |
| OO846801    |
| HI358554    |
| IQ627690    |
| GC697638    |
| IS150005    |
| GL756480    |
| LL562733    |
| NM739638    |
| BOAF82044   |
| ED520529    |
| PH785937    |
| BJ535230    |
| BG407567    |
| ML780814    |
| MM342086    |
| BN17870     |
| BR941480    |
| MQ413968    |
| NU21326     |
| BOFA23232   |
| II180006    |
| JG981190    |
| NQ865547    |
| IF245157    |
| JO719695    |
| AF40894     |
| HR224331    |
| KI744716    |
| IJ399820    |
| NE404084    |
| EQ12267     |
| HD284647    |
| HN114306    |
| EP227123    |
| HE84936     |
| EU280955    |
| GB361972    |
| IO164641    |
| NH776924    |
| EM979878    |
| KM841847    |
| LE432182    |
| OJ819725    |
| BJ483870    |
| GP636783    |
| NI983021    |
| IA793562    |
| JT819493    |
| OD327378    |
| DR578578    |
| KH910279    |
| AJ574927    |
| LF501133    |
| AD304085    |
| NR157385    |
| DG336041    |
| FA728475    |
| NQ966143    |
| LQ244073    |
| MD809704    |
| HL685576    |
| OM548174    |
| GJ597719    |
| HO576374    |
| MU817160    |
| DJ15149     |
| LA556321    |
| AL493079    |
| ES347491    |
| HG738664    |
| PQ803830    |
| DQ409197    |
| FP443161    |
| HB150714    |
| EN930356    |
| NR631421    |
| HL209210    |
| JK479662    |
| NF959653    |
| CS435306    |
| HH517378    |
| LF737277    |
| AP286625    |
| DA98827     |
| AF246722    |
| NJ906924    |
| DG700707    |
| LG808674    |
| BQ602907    |
| CI471510    |
| OB648482    |
| CO351193    |
| ED878227    |
| GT878649    |
| HJ618252    |
| AG240323    |
| NB291497    |
| FP170292    |
| OG208861    |
| HL575273    |
| IS232033    |
| PN238558    |
| CA762595    |
| FR499138    |
| GB890854    |
| BC726082    |
| CC475233    |
| GB117430    |
| MS154481    |
| CC871084    |
| CT821147    |
| PH29054     |
| BN347084    |
| CP804873    |
| EK785462    |
| DO106109    |
| HG438769    |
| AJ478695    |
| DO787644    |
| JPMR4544    |
| KB54275     |
| BJMPR4545   |
| HJ217687    |
| NA197101    |
| GH197075    |
| PJ434867    |
| ER54537     |
| KF480160    |
| LM271923    |
| OA595449    |
| AO757239    |
| ER615123    |
| OU516561    |
| FS299615    |
| KR822727    |
| EF485824    |
| ED473873    |
| FN640986    |
| HG635467    |
| HA777606    |
| IR662429    |
| GJ715659    |
| MO743231    |
| DD995006    |
| NA377824    |
| OO606861    |
| ED203908    |
| GC60330     |
| PE176846    |
| AB661578    |
| CO645196    |
| LL427009    |
| PC688499    |
| JP113227    |
| PB951268    |
| GK294076    |
| JH546765    |
| BL66528     |
| HS86661     |
| JB117768    |
| AH612904    |
| PT550181    |
| OC773849    |
| PO860906    |
| BH167026    |
| FN155234    |
| EU531600    |
| MB342426    |
| MN89921     |
+-------------+
273 rows in set (0.00 sec)

mysql> SELECT productLine,SUM(quantityInStock) FROM products GROUP BY productLine HAVING SUM(quantityInStock)>50000 ORDER BY SUM(quantityInStock) ;
+--------------+----------------------+
| productLine  | SUM(quantityInStock) |
+--------------+----------------------+
| Planes       |                62287 |
| Motorcycles  |                69401 |
| Vintage Cars |               124880 |
| Classic Cars |               219183 |
+--------------+----------------------+
4 rows in set (0.01 sec)

mysql> select * From payments limit 15;
+----------------+-------------+-------------+----------+
| customerNumber | checkNumber | paymentDate | amount   |
+----------------+-------------+-------------+----------+
|            103 | HQ336336    | 2004-10-19  |  6066.78 |
|            103 | JM555205    | 2003-06-05  | 14571.44 |
|            103 | OM314933    | 2004-12-18  |  1676.14 |
|            112 | BO864823    | 2004-12-17  | 14191.12 |
|            112 | HQ55022     | 2003-06-06  | 32641.98 |
|            112 | ND748579    | 2004-08-20  | 33347.88 |
|            114 | GG31455     | 2003-05-20  | 45864.03 |
|            114 | MA765515    | 2004-12-15  | 82261.22 |
|            114 | NP603840    | 2003-05-31  |  7565.08 |
|            114 | NR27552     | 2004-03-10  | 44894.74 |
|            119 | DB933704    | 2004-11-14  | 19501.82 |
|            119 | LN373447    | 2004-08-08  | 47924.19 |
|            119 | NG94694     | 2005-02-22  | 49523.67 |
|            121 | DB889831    | 2003-02-16  | 50218.95 |
|            121 | FD317790    | 2003-10-28  |  1491.38 |
+----------------+-------------+-------------+----------+
15 rows in set (0.00 sec)

mysql> desc ordres;
ERROR 1146 (42S02): Table 'classicmodels.ordres' doesn't exist
mysql> desc orders;
+----------------+-------------+------+-----+---------+-------+
| Field          | Type        | Null | Key | Default | Extra |
+----------------+-------------+------+-----+---------+-------+
| orderNumber    | int         | NO   | PRI | NULL    |       |
| orderDate      | date        | NO   |     | NULL    |       |
| requiredDate   | date        | NO   |     | NULL    |       |
| shippedDate    | date        | YES  |     | NULL    |       |
| status         | varchar(15) | NO   |     | NULL    |       |
| comments       | text        | YES  |     | NULL    |       |
| customerNumber | int         | NO   | MUL | NULL    |       |
+----------------+-------------+------+-----+---------+-------+
7 rows in set (0.01 sec)

mysql> select * From orders limit 10;
+-------------+------------+--------------+-------------+---------+------------------------------------------------------------------------+----------------+
| orderNumber | orderDate  | requiredDate | shippedDate | status  | comments                                                               | customerNumber |
+-------------+------------+--------------+-------------+---------+------------------------------------------------------------------------+----------------+
|       10100 | 2003-01-06 | 2003-01-13   | 2003-01-10  | Shipped | NULL                                                                   |            363 |
|       10101 | 2003-01-09 | 2003-01-18   | 2003-01-11  | Shipped | Check on availability.                                                 |            128 |
|       10102 | 2003-01-10 | 2003-01-18   | 2003-01-14  | Shipped | NULL                                                                   |            181 |
|       10103 | 2003-01-29 | 2003-02-07   | 2003-02-02  | Shipped | NULL                                                                   |            121 |
|       10104 | 2003-01-31 | 2003-02-09   | 2003-02-01  | Shipped | NULL                                                                   |            141 |
|       10105 | 2003-02-11 | 2003-02-21   | 2003-02-12  | Shipped | NULL                                                                   |            145 |
|       10106 | 2003-02-17 | 2003-02-24   | 2003-02-21  | Shipped | NULL                                                                   |            278 |
|       10107 | 2003-02-24 | 2003-03-03   | 2003-02-26  | Shipped | Difficult to negotiate with customer. We need more marketing materials |            131 |
|       10108 | 2003-03-03 | 2003-03-12   | 2003-03-08  | Shipped | NULL                                                                   |            385 |
|       10109 | 2003-03-10 | 2003-03-19   | 2003-03-11  | Shipped | Customer requested that FedEx Ground is used for this shipping         |            486 |
+-------------+------------+--------------+-------------+---------+------------------------------------------------------------------------+----------------+
10 rows in set (0.00 sec)

mysql> select * From orders where status = 'In Process';
+-------------+------------+--------------+-------------+------------+-----------------------------------------------------+----------------+
| orderNumber | orderDate  | requiredDate | shippedDate | status     | comments                                            | customerNumber |
+-------------+------------+--------------+-------------+------------+-----------------------------------------------------+----------------+
|       10420 | 2005-05-29 | 2005-06-07   | NULL        | In Process | NULL                                                |            282 |
|       10421 | 2005-05-29 | 2005-06-06   | NULL        | In Process | Custom shipping instructions were sent to warehouse |            124 |
|       10422 | 2005-05-30 | 2005-06-11   | NULL        | In Process | NULL                                                |            157 |
|       10423 | 2005-05-30 | 2005-06-05   | NULL        | In Process | NULL                                                |            314 |
|       10424 | 2005-05-31 | 2005-06-08   | NULL        | In Process | NULL                                                |            141 |
|       10425 | 2005-05-31 | 2005-06-07   | NULL        | In Process | NULL                                                |            119 |
+-------------+------------+--------------+-------------+------------+-----------------------------------------------------+----------------+
6 rows in set (0.01 sec)

mysql> select * From orders where status = 'shipped';
+-------------+------------+--------------+-------------+---------+---------------------------------------------------------------------------------------------------------------------------------------------------------------+----------------+
| orderNumber | orderDate  | requiredDate | shippedDate | status  | comments                                                                                                                                                      | customerNumber |
+-------------+------------+--------------+-------------+---------+---------------------------------------------------------------------------------------------------------------------------------------------------------------+----------------+
|       10100 | 2003-01-06 | 2003-01-13   | 2003-01-10  | Shipped | NULL                                                                                                                                                          |            363 |
|       10101 | 2003-01-09 | 2003-01-18   | 2003-01-11  | Shipped | Check on availability.                                                                                                                                        |            128 |
|       10102 | 2003-01-10 | 2003-01-18   | 2003-01-14  | Shipped | NULL                                                                                                                                                          |            181 |
|       10103 | 2003-01-29 | 2003-02-07   | 2003-02-02  | Shipped | NULL                                                                                                                                                          |            121 |
|       10104 | 2003-01-31 | 2003-02-09   | 2003-02-01  | Shipped | NULL                                                                                                                                                          |            141 |
|       10105 | 2003-02-11 | 2003-02-21   | 2003-02-12  | Shipped | NULL                                                                                                                                                          |            145 |
|       10106 | 2003-02-17 | 2003-02-24   | 2003-02-21  | Shipped | NULL                                                                                                                                                          |            278 |
|       10107 | 2003-02-24 | 2003-03-03   | 2003-02-26  | Shipped | Difficult to negotiate with customer. We need more marketing materials                                                                                        |            131 |
|       10108 | 2003-03-03 | 2003-03-12   | 2003-03-08  | Shipped | NULL                                                                                                                                                          |            385 |
|       10109 | 2003-03-10 | 2003-03-19   | 2003-03-11  | Shipped | Customer requested that FedEx Ground is used for this shipping                                                                                                |            486 |
|       10110 | 2003-03-18 | 2003-03-24   | 2003-03-20  | Shipped | NULL                                                                                                                                                          |            187 |
|       10111 | 2003-03-25 | 2003-03-31   | 2003-03-30  | Shipped | NULL                                                                                                                                                          |            129 |
|       10112 | 2003-03-24 | 2003-04-03   | 2003-03-29  | Shipped | Customer requested that ad materials (such as posters, pamphlets) be included in the shippment                                                                |            144 |
|       10113 | 2003-03-26 | 2003-04-02   | 2003-03-27  | Shipped | NULL                                                                                                                                                          |            124 |
|       10114 | 2003-04-01 | 2003-04-07   | 2003-04-02  | Shipped | NULL                                                                                                                                                          |            172 |
|       10115 | 2003-04-04 | 2003-04-12   | 2003-04-07  | Shipped | NULL                                                                                                                                                          |            424 |
|       10116 | 2003-04-11 | 2003-04-19   | 2003-04-13  | Shipped | NULL                                                                                                                                                          |            381 |
|       10117 | 2003-04-16 | 2003-04-24   | 2003-04-17  | Shipped | NULL                                                                                                                                                          |            148 |
|       10118 | 2003-04-21 | 2003-04-29   | 2003-04-26  | Shipped | Customer has worked with some of our vendors in the past and is aware of their MSRP                                                                           |            216 |
|       10119 | 2003-04-28 | 2003-05-05   | 2003-05-02  | Shipped | NULL                                                                                                                                                          |            382 |
|       10120 | 2003-04-29 | 2003-05-08   | 2003-05-01  | Shipped | NULL                                                                                                                                                          |            114 |
|       10121 | 2003-05-07 | 2003-05-13   | 2003-05-13  | Shipped | NULL                                                                                                                                                          |            353 |
|       10122 | 2003-05-08 | 2003-05-16   | 2003-05-13  | Shipped | NULL                                                                                                                                                          |            350 |
|       10123 | 2003-05-20 | 2003-05-29   | 2003-05-22  | Shipped | NULL                                                                                                                                                          |            103 |
|       10124 | 2003-05-21 | 2003-05-29   | 2003-05-25  | Shipped | Customer very concerned about the exact color of the models. There is high risk that he may dispute the order because there is a slight color mismatch        |            112 |
|       10125 | 2003-05-21 | 2003-05-27   | 2003-05-24  | Shipped | NULL                                                                                                                                                          |            114 |
|       10126 | 2003-05-28 | 2003-06-07   | 2003-06-02  | Shipped | NULL                                                                                                                                                          |            458 |
|       10127 | 2003-06-03 | 2003-06-09   | 2003-06-06  | Shipped | Customer requested special shippment. The instructions were passed along to the warehouse                                                                     |            151 |
|       10128 | 2003-06-06 | 2003-06-12   | 2003-06-11  | Shipped | NULL                                                                                                                                                          |            141 |
|       10129 | 2003-06-12 | 2003-06-18   | 2003-06-14  | Shipped | NULL                                                                                                                                                          |            324 |
|       10130 | 2003-06-16 | 2003-06-24   | 2003-06-21  | Shipped | NULL                                                                                                                                                          |            198 |
|       10131 | 2003-06-16 | 2003-06-25   | 2003-06-21  | Shipped | NULL                                                                                                                                                          |            447 |
|       10132 | 2003-06-25 | 2003-07-01   | 2003-06-28  | Shipped | NULL                                                                                                                                                          |            323 |
|       10133 | 2003-06-27 | 2003-07-04   | 2003-07-03  | Shipped | NULL                                                                                                                                                          |            141 |
|       10134 | 2003-07-01 | 2003-07-10   | 2003-07-05  | Shipped | NULL                                                                                                                                                          |            250 |
|       10135 | 2003-07-02 | 2003-07-12   | 2003-07-03  | Shipped | NULL                                                                                                                                                          |            124 |
|       10136 | 2003-07-04 | 2003-07-14   | 2003-07-06  | Shipped | Customer is interested in buying more Ferrari models                                                                                                          |            242 |
|       10137 | 2003-07-10 | 2003-07-20   | 2003-07-14  | Shipped | NULL                                                                                                                                                          |            353 |
|       10138 | 2003-07-07 | 2003-07-16   | 2003-07-13  | Shipped | NULL                                                                                                                                                          |            496 |
|       10139 | 2003-07-16 | 2003-07-23   | 2003-07-21  | Shipped | NULL                                                                                                                                                          |            282 |
|       10140 | 2003-07-24 | 2003-08-02   | 2003-07-30  | Shipped | NULL                                                                                                                                                          |            161 |
|       10141 | 2003-08-01 | 2003-08-09   | 2003-08-04  | Shipped | NULL                                                                                                                                                          |            334 |
|       10142 | 2003-08-08 | 2003-08-16   | 2003-08-13  | Shipped | NULL                                                                                                                                                          |            124 |
|       10143 | 2003-08-10 | 2003-08-18   | 2003-08-12  | Shipped | Can we deliver the new Ford Mustang models by end-of-quarter?                                                                                                 |            320 |
|       10144 | 2003-08-13 | 2003-08-21   | 2003-08-14  | Shipped | NULL                                                                                                                                                          |            381 |
|       10145 | 2003-08-25 | 2003-09-02   | 2003-08-31  | Shipped | NULL                                                                                                                                                          |            205 |
|       10146 | 2003-09-03 | 2003-09-13   | 2003-09-06  | Shipped | NULL                                                                                                                                                          |            447 |
|       10147 | 2003-09-05 | 2003-09-12   | 2003-09-09  | Shipped | NULL                                                                                                                                                          |            379 |
|       10148 | 2003-09-11 | 2003-09-21   | 2003-09-15  | Shipped | They want to reevaluate their terms agreement with Finance.                                                                                                   |            276 |
|       10149 | 2003-09-12 | 2003-09-18   | 2003-09-17  | Shipped | NULL                                                                                                                                                          |            487 |
|       10150 | 2003-09-19 | 2003-09-27   | 2003-09-21  | Shipped | They want to reevaluate their terms agreement with Finance.                                                                                                   |            148 |
|       10151 | 2003-09-21 | 2003-09-30   | 2003-09-24  | Shipped | NULL                                                                                                                                                          |            311 |
|       10152 | 2003-09-25 | 2003-10-03   | 2003-10-01  | Shipped | NULL                                                                                                                                                          |            333 |
|       10153 | 2003-09-28 | 2003-10-05   | 2003-10-03  | Shipped | NULL                                                                                                                                                          |            141 |
|       10154 | 2003-10-02 | 2003-10-12   | 2003-10-08  | Shipped | NULL                                                                                                                                                          |            219 |
|       10155 | 2003-10-06 | 2003-10-13   | 2003-10-07  | Shipped | NULL                                                                                                                                                          |            186 |
|       10156 | 2003-10-08 | 2003-10-17   | 2003-10-11  | Shipped | NULL                                                                                                                                                          |            141 |
|       10157 | 2003-10-09 | 2003-10-15   | 2003-10-14  | Shipped | NULL                                                                                                                                                          |            473 |
|       10158 | 2003-10-10 | 2003-10-18   | 2003-10-15  | Shipped | NULL                                                                                                                                                          |            121 |
|       10159 | 2003-10-10 | 2003-10-19   | 2003-10-16  | Shipped | NULL                                                                                                                                                          |            321 |
|       10160 | 2003-10-11 | 2003-10-17   | 2003-10-17  | Shipped | NULL                                                                                                                                                          |            347 |
|       10161 | 2003-10-17 | 2003-10-25   | 2003-10-20  | Shipped | NULL                                                                                                                                                          |            227 |
|       10162 | 2003-10-18 | 2003-10-26   | 2003-10-19  | Shipped | NULL                                                                                                                                                          |            321 |
|       10163 | 2003-10-20 | 2003-10-27   | 2003-10-24  | Shipped | NULL                                                                                                                                                          |            424 |
|       10165 | 2003-10-22 | 2003-10-31   | 2003-12-26  | Shipped | This order was on hold because customers's credit limit had been exceeded. Order will ship when payment is received                                           |            148 |
|       10166 | 2003-10-21 | 2003-10-30   | 2003-10-27  | Shipped | NULL                                                                                                                                                          |            462 |
|       10168 | 2003-10-28 | 2003-11-03   | 2003-11-01  | Shipped | NULL                                                                                                                                                          |            161 |
|       10169 | 2003-11-04 | 2003-11-14   | 2003-11-09  | Shipped | NULL                                                                                                                                                          |            276 |
|       10170 | 2003-11-04 | 2003-11-12   | 2003-11-07  | Shipped | NULL                                                                                                                                                          |            452 |
|       10171 | 2003-11-05 | 2003-11-13   | 2003-11-07  | Shipped | NULL                                                                                                                                                          |            233 |
|       10172 | 2003-11-05 | 2003-11-14   | 2003-11-11  | Shipped | NULL                                                                                                                                                          |            175 |
|       10173 | 2003-11-05 | 2003-11-15   | 2003-11-09  | Shipped | Cautious optimism. We have happy customers here, if we can keep them well stocked.  I need all the information I can get on the planned shippments of Porches |            278 |
|       10174 | 2003-11-06 | 2003-11-15   | 2003-11-10  | Shipped | NULL                                                                                                                                                          |            333 |
|       10175 | 2003-11-06 | 2003-11-14   | 2003-11-09  | Shipped | NULL                                                                                                                                                          |            324 |
|       10176 | 2003-11-06 | 2003-11-15   | 2003-11-12  | Shipped | NULL                                                                                                                                                          |            386 |
|       10177 | 2003-11-07 | 2003-11-17   | 2003-11-12  | Shipped | NULL                                                                                                                                                          |            344 |
|       10178 | 2003-11-08 | 2003-11-16   | 2003-11-10  | Shipped | Custom shipping instructions sent to warehouse                                                                                                                |            242 |
|       10180 | 2003-11-11 | 2003-11-19   | 2003-11-14  | Shipped | NULL                                                                                                                                                          |            171 |
|       10181 | 2003-11-12 | 2003-11-19   | 2003-11-15  | Shipped | NULL                                                                                                                                                          |            167 |
|       10182 | 2003-11-12 | 2003-11-21   | 2003-11-18  | Shipped | NULL                                                                                                                                                          |            124 |
|       10183 | 2003-11-13 | 2003-11-22   | 2003-11-15  | Shipped | We need to keep in close contact with their Marketing VP. He is the decision maker for all their purchases.                                                   |            339 |
|       10184 | 2003-11-14 | 2003-11-22   | 2003-11-20  | Shipped | NULL                                                                                                                                                          |            484 |
|       10185 | 2003-11-14 | 2003-11-21   | 2003-11-20  | Shipped | NULL                                                                                                                                                          |            320 |
|       10186 | 2003-11-14 | 2003-11-20   | 2003-11-18  | Shipped | They want to reevaluate their terms agreement with the VP of Sales                                                                                            |            489 |
|       10187 | 2003-11-15 | 2003-11-24   | 2003-11-16  | Shipped | NULL                                                                                                                                                          |            211 |
|       10188 | 2003-11-18 | 2003-11-26   | 2003-11-24  | Shipped | NULL                                                                                                                                                          |            167 |
|       10189 | 2003-11-18 | 2003-11-25   | 2003-11-24  | Shipped | They want to reevaluate their terms agreement with Finance.                                                                                                   |            205 |
|       10190 | 2003-11-19 | 2003-11-29   | 2003-11-20  | Shipped | NULL                                                                                                                                                          |            141 |
|       10191 | 2003-11-20 | 2003-11-30   | 2003-11-24  | Shipped | We must be cautions with this customer. Their VP of Sales resigned. Company may be heading down.                                                              |            259 |
|       10192 | 2003-11-20 | 2003-11-29   | 2003-11-25  | Shipped | NULL                                                                                                                                                          |            363 |
|       10193 | 2003-11-21 | 2003-11-28   | 2003-11-27  | Shipped | NULL                                                                                                                                                          |            471 |
|       10194 | 2003-11-25 | 2003-12-02   | 2003-11-26  | Shipped | NULL                                                                                                                                                          |            146 |
|       10195 | 2003-11-25 | 2003-12-01   | 2003-11-28  | Shipped | NULL                                                                                                                                                          |            319 |
|       10196 | 2003-11-26 | 2003-12-03   | 2003-12-01  | Shipped | NULL                                                                                                                                                          |            455 |
|       10197 | 2003-11-26 | 2003-12-02   | 2003-12-01  | Shipped | Customer inquired about remote controlled models and gold models.                                                                                             |            216 |
|       10198 | 2003-11-27 | 2003-12-06   | 2003-12-03  | Shipped | NULL                                                                                                                                                          |            385 |
|       10199 | 2003-12-01 | 2003-12-10   | 2003-12-06  | Shipped | NULL                                                                                                                                                          |            475 |
|       10200 | 2003-12-01 | 2003-12-09   | 2003-12-06  | Shipped | NULL                                                                                                                                                          |            211 |
|       10201 | 2003-12-01 | 2003-12-11   | 2003-12-02  | Shipped | NULL                                                                                                                                                          |            129 |
|       10202 | 2003-12-02 | 2003-12-09   | 2003-12-06  | Shipped | NULL                                                                                                                                                          |            357 |
|       10203 | 2003-12-02 | 2003-12-11   | 2003-12-07  | Shipped | NULL                                                                                                                                                          |            141 |
|       10204 | 2003-12-02 | 2003-12-10   | 2003-12-04  | Shipped | NULL                                                                                                                                                          |            151 |
|       10205 | 2003-12-03 | 2003-12-09   | 2003-12-07  | Shipped |  I need all the information I can get on our competitors.                                                                                                     |            141 |
|       10206 | 2003-12-05 | 2003-12-13   | 2003-12-08  | Shipped | Can we renegotiate this one?                                                                                                                                  |            202 |
|       10207 | 2003-12-09 | 2003-12-17   | 2003-12-11  | Shipped | Check on availability.                                                                                                                                        |            495 |
|       10208 | 2004-01-02 | 2004-01-11   | 2004-01-04  | Shipped | NULL                                                                                                                                                          |            146 |
|       10209 | 2004-01-09 | 2004-01-15   | 2004-01-12  | Shipped | NULL                                                                                                                                                          |            347 |
|       10210 | 2004-01-12 | 2004-01-22   | 2004-01-20  | Shipped | NULL                                                                                                                                                          |            177 |
|       10211 | 2004-01-15 | 2004-01-25   | 2004-01-18  | Shipped | NULL                                                                                                                                                          |            406 |
|       10212 | 2004-01-16 | 2004-01-24   | 2004-01-18  | Shipped | NULL                                                                                                                                                          |            141 |
|       10213 | 2004-01-22 | 2004-01-28   | 2004-01-27  | Shipped | Difficult to negotiate with customer. We need more marketing materials                                                                                        |            489 |
|       10214 | 2004-01-26 | 2004-02-04   | 2004-01-29  | Shipped | NULL                                                                                                                                                          |            458 |
|       10215 | 2004-01-29 | 2004-02-08   | 2004-02-01  | Shipped | Customer requested that FedEx Ground is used for this shipping                                                                                                |            475 |
|       10216 | 2004-02-02 | 2004-02-10   | 2004-02-04  | Shipped | NULL                                                                                                                                                          |            256 |
|       10217 | 2004-02-04 | 2004-02-14   | 2004-02-06  | Shipped | NULL                                                                                                                                                          |            166 |
|       10218 | 2004-02-09 | 2004-02-16   | 2004-02-11  | Shipped | Customer requested that ad materials (such as posters, pamphlets) be included in the shippment                                                                |            473 |
|       10219 | 2004-02-10 | 2004-02-17   | 2004-02-12  | Shipped | NULL                                                                                                                                                          |            487 |
|       10220 | 2004-02-12 | 2004-02-19   | 2004-02-16  | Shipped | NULL                                                                                                                                                          |            189 |
|       10221 | 2004-02-18 | 2004-02-26   | 2004-02-19  | Shipped | NULL                                                                                                                                                          |            314 |
|       10222 | 2004-02-19 | 2004-02-27   | 2004-02-20  | Shipped | NULL                                                                                                                                                          |            239 |
|       10223 | 2004-02-20 | 2004-02-29   | 2004-02-24  | Shipped | NULL                                                                                                                                                          |            114 |
|       10224 | 2004-02-21 | 2004-03-02   | 2004-02-26  | Shipped | Customer has worked with some of our vendors in the past and is aware of their MSRP                                                                           |            171 |
|       10225 | 2004-02-22 | 2004-03-01   | 2004-02-24  | Shipped | NULL                                                                                                                                                          |            298 |
|       10226 | 2004-02-26 | 2004-03-06   | 2004-03-02  | Shipped | NULL                                                                                                                                                          |            239 |
|       10227 | 2004-03-02 | 2004-03-12   | 2004-03-08  | Shipped | NULL                                                                                                                                                          |            146 |
|       10228 | 2004-03-10 | 2004-03-18   | 2004-03-13  | Shipped | NULL                                                                                                                                                          |            173 |
|       10229 | 2004-03-11 | 2004-03-20   | 2004-03-12  | Shipped | NULL                                                                                                                                                          |            124 |
|       10230 | 2004-03-15 | 2004-03-24   | 2004-03-20  | Shipped | Customer very concerned about the exact color of the models. There is high risk that he may dispute the order because there is a slight color mismatch        |            128 |
|       10231 | 2004-03-19 | 2004-03-26   | 2004-03-25  | Shipped | NULL                                                                                                                                                          |            344 |
|       10232 | 2004-03-20 | 2004-03-30   | 2004-03-25  | Shipped | NULL                                                                                                                                                          |            240 |
|       10233 | 2004-03-29 | 2004-04-04   | 2004-04-02  | Shipped | Customer requested special shippment. The instructions were passed along to the warehouse                                                                     |            328 |
|       10234 | 2004-03-30 | 2004-04-05   | 2004-04-02  | Shipped | NULL                                                                                                                                                          |            412 |
|       10235 | 2004-04-02 | 2004-04-12   | 2004-04-06  | Shipped | NULL                                                                                                                                                          |            260 |
|       10236 | 2004-04-03 | 2004-04-11   | 2004-04-08  | Shipped | NULL                                                                                                                                                          |            486 |
|       10237 | 2004-04-05 | 2004-04-12   | 2004-04-10  | Shipped | NULL                                                                                                                                                          |            181 |
|       10238 | 2004-04-09 | 2004-04-16   | 2004-04-10  | Shipped | NULL                                                                                                                                                          |            145 |
|       10239 | 2004-04-12 | 2004-04-21   | 2004-04-17  | Shipped | NULL                                                                                                                                                          |            311 |
|       10240 | 2004-04-13 | 2004-04-20   | 2004-04-20  | Shipped | NULL                                                                                                                                                          |            177 |
|       10241 | 2004-04-13 | 2004-04-20   | 2004-04-19  | Shipped | NULL                                                                                                                                                          |            209 |
|       10242 | 2004-04-20 | 2004-04-28   | 2004-04-25  | Shipped | Customer is interested in buying more Ferrari models                                                                                                          |            456 |
|       10243 | 2004-04-26 | 2004-05-03   | 2004-04-28  | Shipped | NULL                                                                                                                                                          |            495 |
|       10244 | 2004-04-29 | 2004-05-09   | 2004-05-04  | Shipped | NULL                                                                                                                                                          |            141 |
|       10245 | 2004-05-04 | 2004-05-12   | 2004-05-09  | Shipped | NULL                                                                                                                                                          |            455 |
|       10246 | 2004-05-05 | 2004-05-13   | 2004-05-06  | Shipped | NULL                                                                                                                                                          |            141 |
|       10247 | 2004-05-05 | 2004-05-11   | 2004-05-08  | Shipped | NULL                                                                                                                                                          |            334 |
|       10249 | 2004-05-08 | 2004-05-17   | 2004-05-11  | Shipped | Can we deliver the new Ford Mustang models by end-of-quarter?                                                                                                 |            173 |
|       10250 | 2004-05-11 | 2004-05-19   | 2004-05-15  | Shipped | NULL                                                                                                                                                          |            450 |
|       10251 | 2004-05-18 | 2004-05-24   | 2004-05-24  | Shipped | NULL                                                                                                                                                          |            328 |
|       10252 | 2004-05-26 | 2004-06-04   | 2004-05-29  | Shipped | NULL                                                                                                                                                          |            406 |
|       10254 | 2004-06-03 | 2004-06-13   | 2004-06-04  | Shipped | Customer requested that DHL is used for this shipping                                                                                                         |            323 |
|       10255 | 2004-06-04 | 2004-06-12   | 2004-06-09  | Shipped | NULL                                                                                                                                                          |            209 |
|       10256 | 2004-06-08 | 2004-06-16   | 2004-06-10  | Shipped | NULL                                                                                                                                                          |            145 |
|       10257 | 2004-06-14 | 2004-06-24   | 2004-06-15  | Shipped | NULL                                                                                                                                                          |            450 |
|       10258 | 2004-06-15 | 2004-06-25   | 2004-06-23  | Shipped | NULL                                                                                                                                                          |            398 |
|       10259 | 2004-06-15 | 2004-06-22   | 2004-06-17  | Shipped | NULL                                                                                                                                                          |            166 |
|       10261 | 2004-06-17 | 2004-06-25   | 2004-06-22  | Shipped | NULL                                                                                                                                                          |            233 |
|       10263 | 2004-06-28 | 2004-07-04   | 2004-07-02  | Shipped | NULL                                                                                                                                                          |            175 |
|       10264 | 2004-06-30 | 2004-07-06   | 2004-07-01  | Shipped | Customer will send a truck to our local warehouse on 7/1/2004                                                                                                 |            362 |
|       10265 | 2004-07-02 | 2004-07-09   | 2004-07-07  | Shipped | NULL                                                                                                                                                          |            471 |
|       10266 | 2004-07-06 | 2004-07-14   | 2004-07-10  | Shipped | NULL                                                                                                                                                          |            386 |
|       10267 | 2004-07-07 | 2004-07-17   | 2004-07-09  | Shipped | NULL                                                                                                                                                          |            151 |
|       10268 | 2004-07-12 | 2004-07-18   | 2004-07-14  | Shipped | NULL                                                                                                                                                          |            412 |
|       10269 | 2004-07-16 | 2004-07-22   | 2004-07-18  | Shipped | NULL                                                                                                                                                          |            382 |
|       10270 | 2004-07-19 | 2004-07-27   | 2004-07-24  | Shipped | Can we renegotiate this one?                                                                                                                                  |            282 |
|       10271 | 2004-07-20 | 2004-07-29   | 2004-07-23  | Shipped | NULL                                                                                                                                                          |            124 |
|       10272 | 2004-07-20 | 2004-07-26   | 2004-07-22  | Shipped | NULL                                                                                                                                                          |            157 |
|       10273 | 2004-07-21 | 2004-07-28   | 2004-07-22  | Shipped | NULL                                                                                                                                                          |            314 |
|       10274 | 2004-07-21 | 2004-07-29   | 2004-07-22  | Shipped | NULL                                                                                                                                                          |            379 |
|       10275 | 2004-07-23 | 2004-08-02   | 2004-07-29  | Shipped | NULL                                                                                                                                                          |            119 |
|       10276 | 2004-08-02 | 2004-08-11   | 2004-08-08  | Shipped | NULL                                                                                                                                                          |            204 |
|       10277 | 2004-08-04 | 2004-08-12   | 2004-08-05  | Shipped | NULL                                                                                                                                                          |            148 |
|       10278 | 2004-08-06 | 2004-08-16   | 2004-08-09  | Shipped | NULL                                                                                                                                                          |            112 |
|       10279 | 2004-08-09 | 2004-08-19   | 2004-08-15  | Shipped | Cautious optimism. We have happy customers here, if we can keep them well stocked.  I need all the information I can get on the planned shippments of Porches |            141 |
|       10280 | 2004-08-17 | 2004-08-27   | 2004-08-19  | Shipped | NULL                                                                                                                                                          |            249 |
|       10281 | 2004-08-19 | 2004-08-28   | 2004-08-23  | Shipped | NULL                                                                                                                                                          |            157 |
|       10282 | 2004-08-20 | 2004-08-26   | 2004-08-22  | Shipped | NULL                                                                                                                                                          |            124 |
|       10283 | 2004-08-20 | 2004-08-30   | 2004-08-23  | Shipped | NULL                                                                                                                                                          |            260 |
|       10284 | 2004-08-21 | 2004-08-29   | 2004-08-26  | Shipped | Custom shipping instructions sent to warehouse                                                                                                                |            299 |
|       10285 | 2004-08-27 | 2004-09-04   | 2004-08-31  | Shipped | NULL                                                                                                                                                          |            286 |
|       10286 | 2004-08-28 | 2004-09-06   | 2004-09-01  | Shipped | NULL                                                                                                                                                          |            172 |
|       10287 | 2004-08-30 | 2004-09-06   | 2004-09-01  | Shipped | NULL                                                                                                                                                          |            298 |
|       10288 | 2004-09-01 | 2004-09-11   | 2004-09-05  | Shipped | NULL                                                                                                                                                          |            166 |
|       10289 | 2004-09-03 | 2004-09-13   | 2004-09-04  | Shipped | We need to keep in close contact with their Marketing VP. He is the decision maker for all their purchases.                                                   |            167 |
|       10290 | 2004-09-07 | 2004-09-15   | 2004-09-13  | Shipped | NULL                                                                                                                                                          |            198 |
|       10291 | 2004-09-08 | 2004-09-17   | 2004-09-14  | Shipped | NULL                                                                                                                                                          |            448 |
|       10292 | 2004-09-08 | 2004-09-18   | 2004-09-11  | Shipped | They want to reevaluate their terms agreement with Finance.                                                                                                   |            131 |
|       10293 | 2004-09-09 | 2004-09-18   | 2004-09-14  | Shipped | NULL                                                                                                                                                          |            249 |
|       10294 | 2004-09-10 | 2004-09-17   | 2004-09-14  | Shipped | NULL                                                                                                                                                          |            204 |
|       10295 | 2004-09-10 | 2004-09-17   | 2004-09-14  | Shipped | They want to reevaluate their terms agreement with Finance.                                                                                                   |            362 |
|       10296 | 2004-09-15 | 2004-09-22   | 2004-09-16  | Shipped | NULL                                                                                                                                                          |            415 |
|       10297 | 2004-09-16 | 2004-09-22   | 2004-09-21  | Shipped | We must be cautions with this customer. Their VP of Sales resigned. Company may be heading down.                                                              |            189 |
|       10298 | 2004-09-27 | 2004-10-05   | 2004-10-01  | Shipped | NULL                                                                                                                                                          |            103 |
|       10299 | 2004-09-30 | 2004-10-10   | 2004-10-01  | Shipped | NULL                                                                                                                                                          |            186 |
|       10300 | 2003-10-04 | 2003-10-13   | 2003-10-09  | Shipped | NULL                                                                                                                                                          |            128 |
|       10301 | 2003-10-05 | 2003-10-15   | 2003-10-08  | Shipped | NULL                                                                                                                                                          |            299 |
|       10302 | 2003-10-06 | 2003-10-16   | 2003-10-07  | Shipped | NULL                                                                                                                                                          |            201 |
|       10303 | 2004-10-06 | 2004-10-14   | 2004-10-09  | Shipped | Customer inquired about remote controlled models and gold models.                                                                                             |            484 |
|       10304 | 2004-10-11 | 2004-10-20   | 2004-10-17  | Shipped | NULL                                                                                                                                                          |            256 |
|       10305 | 2004-10-13 | 2004-10-22   | 2004-10-15  | Shipped | Check on availability.                                                                                                                                        |            286 |
|       10306 | 2004-10-14 | 2004-10-21   | 2004-10-17  | Shipped | NULL                                                                                                                                                          |            187 |
|       10307 | 2004-10-14 | 2004-10-23   | 2004-10-20  | Shipped | NULL                                                                                                                                                          |            339 |
|       10308 | 2004-10-15 | 2004-10-24   | 2004-10-20  | Shipped | Customer requested that FedEx Ground is used for this shipping                                                                                                |            319 |
|       10309 | 2004-10-15 | 2004-10-24   | 2004-10-18  | Shipped | NULL                                                                                                                                                          |            121 |
|       10310 | 2004-10-16 | 2004-10-24   | 2004-10-18  | Shipped | NULL                                                                                                                                                          |            259 |
|       10311 | 2004-10-16 | 2004-10-23   | 2004-10-20  | Shipped | Difficult to negotiate with customer. We need more marketing materials                                                                                        |            141 |
|       10312 | 2004-10-21 | 2004-10-27   | 2004-10-23  | Shipped | NULL                                                                                                                                                          |            124 |
|       10313 | 2004-10-22 | 2004-10-28   | 2004-10-25  | Shipped | Customer requested that FedEx Ground is used for this shipping                                                                                                |            202 |
|       10314 | 2004-10-22 | 2004-11-01   | 2004-10-23  | Shipped | NULL                                                                                                                                                          |            227 |
|       10315 | 2004-10-29 | 2004-11-08   | 2004-10-30  | Shipped | NULL                                                                                                                                                          |            119 |
|       10316 | 2004-11-01 | 2004-11-09   | 2004-11-07  | Shipped | Customer requested that ad materials (such as posters, pamphlets) be included in the shippment                                                                |            240 |
|       10317 | 2004-11-02 | 2004-11-12   | 2004-11-08  | Shipped | NULL                                                                                                                                                          |            161 |
|       10318 | 2004-11-02 | 2004-11-09   | 2004-11-07  | Shipped | NULL                                                                                                                                                          |            157 |
|       10319 | 2004-11-03 | 2004-11-11   | 2004-11-06  | Shipped | Customer requested that DHL is used for this shipping                                                                                                         |            456 |
|       10320 | 2004-11-03 | 2004-11-13   | 2004-11-07  | Shipped | NULL                                                                                                                                                          |            144 |
|       10321 | 2004-11-04 | 2004-11-12   | 2004-11-07  | Shipped | NULL                                                                                                                                                          |            462 |
|       10322 | 2004-11-04 | 2004-11-12   | 2004-11-10  | Shipped | Customer has worked with some of our vendors in the past and is aware of their MSRP                                                                           |            363 |
|       10323 | 2004-11-05 | 2004-11-12   | 2004-11-09  | Shipped | NULL                                                                                                                                                          |            128 |
|       10324 | 2004-11-05 | 2004-11-11   | 2004-11-08  | Shipped | NULL                                                                                                                                                          |            181 |
|       10325 | 2004-11-05 | 2004-11-13   | 2004-11-08  | Shipped | NULL                                                                                                                                                          |            121 |
|       10326 | 2004-11-09 | 2004-11-16   | 2004-11-10  | Shipped | NULL                                                                                                                                                          |            144 |
|       10328 | 2004-11-12 | 2004-11-21   | 2004-11-18  | Shipped | Customer very concerned about the exact color of the models. There is high risk that he may dispute the order because there is a slight color mismatch        |            278 |
|       10329 | 2004-11-15 | 2004-11-24   | 2004-11-16  | Shipped | NULL                                                                                                                                                          |            131 |
|       10330 | 2004-11-16 | 2004-11-25   | 2004-11-21  | Shipped | NULL                                                                                                                                                          |            385 |
|       10331 | 2004-11-17 | 2004-11-23   | 2004-11-23  | Shipped | Customer requested special shippment. The instructions were passed along to the warehouse                                                                     |            486 |
|       10332 | 2004-11-17 | 2004-11-25   | 2004-11-18  | Shipped | NULL                                                                                                                                                          |            187 |
|       10333 | 2004-11-18 | 2004-11-27   | 2004-11-20  | Shipped | NULL                                                                                                                                                          |            129 |
|       10335 | 2004-11-19 | 2004-11-29   | 2004-11-23  | Shipped | NULL                                                                                                                                                          |            124 |
|       10336 | 2004-11-20 | 2004-11-26   | 2004-11-24  | Shipped | Customer requested that DHL is used for this shipping                                                                                                         |            172 |
|       10337 | 2004-11-21 | 2004-11-30   | 2004-11-26  | Shipped | NULL                                                                                                                                                          |            424 |
|       10338 | 2004-11-22 | 2004-12-02   | 2004-11-27  | Shipped | NULL                                                                                                                                                          |            381 |
|       10339 | 2004-11-23 | 2004-11-30   | 2004-11-30  | Shipped | NULL                                                                                                                                                          |            398 |
|       10340 | 2004-11-24 | 2004-12-01   | 2004-11-25  | Shipped | Customer is interested in buying more Ferrari models                                                                                                          |            216 |
|       10341 | 2004-11-24 | 2004-12-01   | 2004-11-29  | Shipped | NULL                                                                                                                                                          |            382 |
|       10342 | 2004-11-24 | 2004-12-01   | 2004-11-29  | Shipped | NULL                                                                                                                                                          |            114 |
|       10343 | 2004-11-24 | 2004-12-01   | 2004-11-26  | Shipped | NULL                                                                                                                                                          |            353 |
|       10344 | 2004-11-25 | 2004-12-02   | 2004-11-29  | Shipped | NULL                                                                                                                                                          |            350 |
|       10345 | 2004-11-25 | 2004-12-01   | 2004-11-26  | Shipped | NULL                                                                                                                                                          |            103 |
|       10346 | 2004-11-29 | 2004-12-05   | 2004-11-30  | Shipped | NULL                                                                                                                                                          |            112 |
|       10347 | 2004-11-29 | 2004-12-07   | 2004-11-30  | Shipped | Can we deliver the new Ford Mustang models by end-of-quarter?                                                                                                 |            114 |
|       10348 | 2004-11-01 | 2004-11-08   | 2004-11-05  | Shipped | NULL                                                                                                                                                          |            458 |
|       10349 | 2004-12-01 | 2004-12-07   | 2004-12-03  | Shipped | NULL                                                                                                                                                          |            151 |
|       10350 | 2004-12-02 | 2004-12-08   | 2004-12-05  | Shipped | NULL                                                                                                                                                          |            141 |
|       10351 | 2004-12-03 | 2004-12-11   | 2004-12-07  | Shipped | NULL                                                                                                                                                          |            324 |
|       10352 | 2004-12-03 | 2004-12-12   | 2004-12-09  | Shipped | NULL                                                                                                                                                          |            198 |
|       10353 | 2004-12-04 | 2004-12-11   | 2004-12-05  | Shipped | NULL                                                                                                                                                          |            447 |
|       10354 | 2004-12-04 | 2004-12-10   | 2004-12-05  | Shipped | NULL                                                                                                                                                          |            323 |
|       10355 | 2004-12-07 | 2004-12-14   | 2004-12-13  | Shipped | NULL                                                                                                                                                          |            141 |
|       10356 | 2004-12-09 | 2004-12-15   | 2004-12-12  | Shipped | NULL                                                                                                                                                          |            250 |
|       10357 | 2004-12-10 | 2004-12-16   | 2004-12-14  | Shipped | NULL                                                                                                                                                          |            124 |
|       10358 | 2004-12-10 | 2004-12-16   | 2004-12-16  | Shipped | Customer requested that DHL is used for this shipping                                                                                                         |            141 |
|       10359 | 2004-12-15 | 2004-12-23   | 2004-12-18  | Shipped | NULL                                                                                                                                                          |            353 |
|       10360 | 2004-12-16 | 2004-12-22   | 2004-12-18  | Shipped | NULL                                                                                                                                                          |            496 |
|       10361 | 2004-12-17 | 2004-12-24   | 2004-12-20  | Shipped | NULL                                                                                                                                                          |            282 |
|       10362 | 2005-01-05 | 2005-01-16   | 2005-01-10  | Shipped | NULL                                                                                                                                                          |            161 |
|       10363 | 2005-01-06 | 2005-01-12   | 2005-01-10  | Shipped | NULL                                                                                                                                                          |            334 |
|       10364 | 2005-01-06 | 2005-01-17   | 2005-01-09  | Shipped | NULL                                                                                                                                                          |            350 |
|       10365 | 2005-01-07 | 2005-01-18   | 2005-01-11  | Shipped | NULL                                                                                                                                                          |            320 |
|       10366 | 2005-01-10 | 2005-01-19   | 2005-01-12  | Shipped | NULL                                                                                                                                                          |            381 |
|       10368 | 2005-01-19 | 2005-01-27   | 2005-01-24  | Shipped | Can we renegotiate this one?                                                                                                                                  |            124 |
|       10369 | 2005-01-20 | 2005-01-28   | 2005-01-24  | Shipped | NULL                                                                                                                                                          |            379 |
|       10370 | 2005-01-20 | 2005-02-01   | 2005-01-25  | Shipped | NULL                                                                                                                                                          |            276 |
|       10371 | 2005-01-23 | 2005-02-03   | 2005-01-25  | Shipped | NULL                                                                                                                                                          |            124 |
|       10372 | 2005-01-26 | 2005-02-05   | 2005-01-28  | Shipped | NULL                                                                                                                                                          |            398 |
|       10373 | 2005-01-31 | 2005-02-08   | 2005-02-06  | Shipped | NULL                                                                                                                                                          |            311 |
|       10374 | 2005-02-02 | 2005-02-09   | 2005-02-03  | Shipped | NULL                                                                                                                                                          |            333 |
|       10375 | 2005-02-03 | 2005-02-10   | 2005-02-06  | Shipped | NULL                                                                                                                                                          |            119 |
|       10376 | 2005-02-08 | 2005-02-18   | 2005-02-13  | Shipped | NULL                                                                                                                                                          |            219 |
|       10377 | 2005-02-09 | 2005-02-21   | 2005-02-12  | Shipped | Cautious optimism. We have happy customers here, if we can keep them well stocked.  I need all the information I can get on the planned shippments of Porches |            186 |
|       10378 | 2005-02-10 | 2005-02-18   | 2005-02-11  | Shipped | NULL                                                                                                                                                          |            141 |
|       10379 | 2005-02-10 | 2005-02-18   | 2005-02-11  | Shipped | NULL                                                                                                                                                          |            141 |
|       10380 | 2005-02-16 | 2005-02-24   | 2005-02-18  | Shipped | NULL                                                                                                                                                          |            141 |
|       10381 | 2005-02-17 | 2005-02-25   | 2005-02-18  | Shipped | NULL                                                                                                                                                          |            321 |
|       10382 | 2005-02-17 | 2005-02-23   | 2005-02-18  | Shipped | Custom shipping instructions sent to warehouse                                                                                                                |            124 |
|       10383 | 2005-02-22 | 2005-03-02   | 2005-02-25  | Shipped | NULL                                                                                                                                                          |            141 |
|       10384 | 2005-02-23 | 2005-03-06   | 2005-02-27  | Shipped | NULL                                                                                                                                                          |            321 |
|       10385 | 2005-02-28 | 2005-03-09   | 2005-03-01  | Shipped | NULL                                                                                                                                                          |            124 |
|       10387 | 2005-03-02 | 2005-03-09   | 2005-03-06  | Shipped | We need to keep in close contact with their Marketing VP. He is the decision maker for all their purchases.                                                   |            148 |
|       10388 | 2005-03-03 | 2005-03-11   | 2005-03-09  | Shipped | NULL                                                                                                                                                          |            462 |
|       10389 | 2005-03-03 | 2005-03-09   | 2005-03-08  | Shipped | NULL                                                                                                                                                          |            448 |
|       10390 | 2005-03-04 | 2005-03-11   | 2005-03-07  | Shipped | They want to reevaluate their terms agreement with Finance.                                                                                                   |            124 |
|       10391 | 2005-03-09 | 2005-03-20   | 2005-03-15  | Shipped | NULL                                                                                                                                                          |            276 |
|       10392 | 2005-03-10 | 2005-03-18   | 2005-03-12  | Shipped | NULL                                                                                                                                                          |            452 |
|       10393 | 2005-03-11 | 2005-03-22   | 2005-03-14  | Shipped | They want to reevaluate their terms agreement with Finance.                                                                                                   |            323 |
|       10394 | 2005-03-15 | 2005-03-25   | 2005-03-19  | Shipped | NULL                                                                                                                                                          |            141 |
|       10395 | 2005-03-17 | 2005-03-24   | 2005-03-23  | Shipped | We must be cautions with this customer. Their VP of Sales resigned. Company may be heading down.                                                              |            250 |
|       10396 | 2005-03-23 | 2005-04-02   | 2005-03-28  | Shipped | NULL                                                                                                                                                          |            124 |
|       10397 | 2005-03-28 | 2005-04-09   | 2005-04-01  | Shipped | NULL                                                                                                                                                          |            242 |
|       10398 | 2005-03-30 | 2005-04-09   | 2005-03-31  | Shipped | NULL                                                                                                                                                          |            353 |
|       10399 | 2005-04-01 | 2005-04-12   | 2005-04-03  | Shipped | NULL                                                                                                                                                          |            496 |
|       10400 | 2005-04-01 | 2005-04-11   | 2005-04-04  | Shipped | Customer requested that DHL is used for this shipping                                                                                                         |            450 |
|       10402 | 2005-04-07 | 2005-04-14   | 2005-04-12  | Shipped | NULL                                                                                                                                                          |            406 |
|       10403 | 2005-04-08 | 2005-04-18   | 2005-04-11  | Shipped | NULL                                                                                                                                                          |            201 |
|       10404 | 2005-04-08 | 2005-04-14   | 2005-04-11  | Shipped | NULL                                                                                                                                                          |            323 |
|       10405 | 2005-04-14 | 2005-04-24   | 2005-04-20  | Shipped | NULL                                                                                                                                                          |            209 |
|       10408 | 2005-04-22 | 2005-04-29   | 2005-04-27  | Shipped | NULL                                                                                                                                                          |            398 |
|       10409 | 2005-04-23 | 2005-05-05   | 2005-04-24  | Shipped | NULL                                                                                                                                                          |            166 |
|       10410 | 2005-04-29 | 2005-05-10   | 2005-04-30  | Shipped | NULL                                                                                                                                                          |            357 |
|       10411 | 2005-05-01 | 2005-05-08   | 2005-05-06  | Shipped | NULL                                                                                                                                                          |            233 |
|       10412 | 2005-05-03 | 2005-05-13   | 2005-05-05  | Shipped | NULL                                                                                                                                                          |            141 |
|       10413 | 2005-05-05 | 2005-05-14   | 2005-05-09  | Shipped | Customer requested that DHL is used for this shipping                                                                                                         |            175 |
|       10416 | 2005-05-10 | 2005-05-16   | 2005-05-14  | Shipped | NULL                                                                                                                                                          |            386 |
|       10418 | 2005-05-16 | 2005-05-24   | 2005-05-20  | Shipped | NULL                                                                                                                                                          |            412 |
|       10419 | 2005-05-17 | 2005-05-28   | 2005-05-19  | Shipped | NULL                                                                                                                                                          |            382 |
+-------------+------------+--------------+-------------+---------+---------------------------------------------------------------------------------------------------------------------------------------------------------------+----------------+
303 rows in set (0.00 sec)

mysql> select count (orderNumber) From orders;
ERROR 1630 (42000): FUNCTION classicmodels.count does not exist. Check the 'Function Name Parsing and Resolution' section in the Reference Manual
mysql> select count (*) From orders;
ERROR 1064 (42000): You have an error in your SQL syntax; check the manual that corresponds to your MySQL server version for the right syntax to use near '*) From orders' at line 1
mysql> select count (*) from orders;
ERROR 1064 (42000): You have an error in your SQL syntax; check the manual that corresponds to your MySQL server version for the right syntax to use near '*) from orders' at line 1
mysql> select Count (*) From orders;
ERROR 1064 (42000): You have an error in your SQL syntax; check the manual that corresponds to your MySQL server version for the right syntax to use near '*) From orders' at line 1
mysql> select count (comments) From orders;
ERROR 1630 (42000): FUNCTION classicmodels.count does not exist. Check the 'Function Name Parsing and Resolution' section in the Reference Manual
mysql> desc products;
+--------------------+---------------+------+-----+---------+-------+
| Field              | Type          | Null | Key | Default | Extra |
+--------------------+---------------+------+-----+---------+-------+
| productCode        | varchar(15)   | NO   | PRI | NULL    |       |
| productName        | varchar(70)   | NO   |     | NULL    |       |
| productLine        | varchar(50)   | NO   | MUL | NULL    |       |
| productScale       | varchar(10)   | NO   |     | NULL    |       |
| productVendor      | varchar(50)   | NO   |     | NULL    |       |
| productDescription | text          | NO   |     | NULL    |       |
| quantityInStock    | smallint      | NO   |     | NULL    |       |
| buyPrice           | decimal(10,2) | NO   |     | NULL    |       |
| MSRP               | decimal(10,2) | NO   |     | NULL    |       |
+--------------------+---------------+------+-----+---------+-------+
9 rows in set (0.00 sec)

mysql> desc payments;
+----------------+---------------+------+-----+---------+-------+
| Field          | Type          | Null | Key | Default | Extra |
+----------------+---------------+------+-----+---------+-------+
| customerNumber | int           | NO   | PRI | NULL    |       |
| checkNumber    | varchar(50)   | NO   | PRI | NULL    |       |
| paymentDate    | date          | NO   |     | NULL    |       |
| amount         | decimal(10,2) | NO   |     | NULL    |       |
+----------------+---------------+------+-----+---------+-------+
4 rows in set (0.00 sec)

mysql> select avg(amount) From payments;
+--------------+
| avg(amount)  |
+--------------+
| 32431.645531 |
+--------------+
1 row in set (0.00 sec)

mysql> select count(*) From payments;
+----------+
| count(*) |
+----------+
|      273 |
+----------+
1 row in set (0.00 sec)

mysql> select avg(amount) From payments where amount > 20000;
+--------------+
| avg(amount)  |
+--------------+
| 41518.313795 |
+--------------+
1 row in set (0.00 sec)

mysql> select count(amount) From payments where amount > 20000;
+---------------+
| count(amount) |
+---------------+
|           195 |
+---------------+
1 row in set (0.00 sec)

mysql> select avg(checkNumber) From payments;
+------------------+
| avg(checkNumber) |
+------------------+
|                0 |
+------------------+
1 row in set, 273 warnings (0.00 sec)

mysql> select count(checkNumber) From payments;
+--------------------+
| count(checkNumber) |
+--------------------+
|                273 |
+--------------------+
1 row in set (0.00 sec)

mysql> show databses;
ERROR 1064 (42000): You have an error in your SQL syntax; check the manual that corresponds to your MySQL server version for the right syntax to use near 'databses' at line 1
mysql> show databses;
ERROR 1064 (42000): You have an error in your SQL syntax; check the manual that corresponds to your MySQL server version for the right syntax to use near 'databses' at line 1
mysql> show databse;
ERROR 1064 (42000): You have an error in your SQL syntax; check the manual that corresponds to your MySQL server version for the right syntax to use near 'databse' at line 1
mysql> use School;
Reading table information for completion of table and column names
You can turn off this feature to get a quicker startup with -A

Database changed
mysql> show tables;
+------------------+
| Tables_in_school |
+------------------+
| Faculty          |
| Student          |
+------------------+
2 rows in set (0.00 sec)

mysql> select * From Faculty;
Empty set (0.00 sec)

mysql> select * From Student;
+------+--------------+------+
| ID   | Name         | Age  |
+------+--------------+------+
|   10 | Chandu       |   23 |
|   12 | Rajinikanthu |   25 |
|   15 | Dhanush      |   21 |
|   19 | Rammi        | NULL |
+------+--------------+------+
4 rows in set (0.00 sec)

mysql> insert into Faculty values(101, "ABC", "Hindi", 2000), (102, "xyz", "Maths", 1000);
Query OK, 2 rows affected (0.01 sec)
Records: 2  Duplicates: 0  Warnings: 0

mysql> desc Faculty;
+------------+--------------+------+-----+---------+-------+
| Field      | Type         | Null | Key | Default | Extra |
+------------+--------------+------+-----+---------+-------+
| Faculty_ID | int          | NO   | PRI | NULL    |       |
| Name       | varchar(100) | YES  |     | NULL    |       |
| Course     | varchar(100) | NO   |     | NULL    |       |
| Salry      | int          | YES  |     | 10000   |       |
+------------+--------------+------+-----+---------+-------+
4 rows in set (0.00 sec)

mysql> show Faculty;
ERROR 1064 (42000): You have an error in your SQL syntax; check the manual that corresponds to your MySQL server version for the right syntax to use near 'Faculty' at line 1
mysql> use classicmodels;
Reading table information for completion of table and column names
You can turn off this feature to get a quicker startup with -A

Database changed
mysql> show tables;
+-------------------------+
| Tables_in_classicmodels |
+-------------------------+
| customers               |
| employees               |
| offices                 |
| orderdetails            |
| orders                  |
| payments                |
| productlines            |
| products                |
+-------------------------+
8 rows in set (0.01 sec)

mysql> desc customers;
+------------------------+---------------+------+-----+---------+-------+
| Field                  | Type          | Null | Key | Default | Extra |
+------------------------+---------------+------+-----+---------+-------+
| customerNumber         | int           | NO   | PRI | NULL    |       |
| customerName           | varchar(50)   | NO   |     | NULL    |       |
| contactLastName        | varchar(50)   | NO   |     | NULL    |       |
| contactFirstName       | varchar(50)   | NO   |     | NULL    |       |
| phone                  | varchar(50)   | NO   |     | NULL    |       |
| addressLine1           | varchar(50)   | NO   |     | NULL    |       |
| addressLine2           | varchar(50)   | YES  |     | NULL    |       |
| city                   | varchar(50)   | NO   |     | NULL    |       |
| state                  | varchar(50)   | YES  |     | NULL    |       |
| postalCode             | varchar(15)   | YES  |     | NULL    |       |
| country                | varchar(50)   | NO   |     | NULL    |       |
| salesRepEmployeeNumber | int           | YES  | MUL | NULL    |       |
| creditLimit            | decimal(10,2) | YES  |     | NULL    |       |
+------------------------+---------------+------+-----+---------+-------+
13 rows in set (0.01 sec)

mysql> select customerNumber, phone, city, state, country, contactFirstName, creditLimit From customers;
+----------------+--------------------+-------------------+---------------+--------------+------------------+-------------+
| customerNumber | phone              | city              | state         | country      | contactFirstName | creditLimit |
+----------------+--------------------+-------------------+---------------+--------------+------------------+-------------+
|            103 | 40.32.2555         | Nantes            | NULL          | France       | Carine           |    21000.00 |
|            112 | 7025551838         | Las Vegas         | NV            | USA          | Jean             |    71800.00 |
|            114 | 03 9520 4555       | Melbourne         | Victoria      | Australia    | Peter            |   117300.00 |
|            119 | 40.67.8555         | Nantes            | NULL          | France       | Janine           |   118200.00 |
|            121 | 07-98 9555         | Stavern           | NULL          | Norway       | Jonas            |    81700.00 |
|            124 | 4155551450         | San Rafael        | CA            | USA          | Susan            |   210500.00 |
|            125 | (26) 642-7555      | Warszawa          | NULL          | Poland       | Zbyszek          |        0.00 |
|            128 | +49 69 66 90 2555  | Frankfurt         | NULL          | Germany      | Roland           |    59700.00 |
|            129 | 6505555787         | San Francisco     | CA            | USA          | Julie            |    64600.00 |
|            131 | 2125557818         | NYC               | NY            | USA          | Kwai             |   114900.00 |
|            141 | (91) 555 94 44     | Madrid            | NULL          | Spain        | Diego            |   227600.00 |
|            144 | 0921-12 3555       | Luleå             | NULL          | Sweden       | Christina        |    53100.00 |
|            145 | 31 12 3555         | Kobenhavn         | NULL          | Denmark      | Jytte            |    83400.00 |
|            146 | 78.32.5555         | Lyon              | NULL          | France       | Mary             |   123900.00 |
|            148 | +65 221 7555       | Singapore         | NULL          | Singapore    | Eric             |   103800.00 |
|            151 | 2125557413         | NYC               | NY            | USA          | Jeff             |   138500.00 |
|            157 | 2155551555         | Allentown         | PA            | USA          | Kelvin           |   100600.00 |
|            161 | 6505556809         | Burlingame        | CA            | USA          | Juri             |    84600.00 |
|            166 | +65 224 1555       | Singapore         | NULL          | Singapore    | Wendy            |    97900.00 |
|            167 | +47 2267 3215      | Bergen            | NULL          | Norway       | Veysel           |    96800.00 |
|            168 | 2035557845         | New Haven         | CT            | USA          | Keith            |        0.00 |
|            169 | (1) 356-5555       | Lisboa            | NULL          | Portugal     | Isabel           |        0.00 |
|            171 | 20.16.1555         | Lille             | NULL          | France       | Martine          |    82900.00 |
|            172 | (1) 42.34.2555     | Paris             | NULL          | France       | Marie            |    84300.00 |
|            173 | 6175555555         | Cambridge         | MA            | USA          | Jerry            |    43400.00 |
|            175 | 2035552570         | Bridgewater       | CT            | USA          | Julie            |    84300.00 |
|            177 | +81 06 6342 5555   | Kita-ku           | Osaka         | Japan        | Mory             |    81200.00 |
|            181 | 2125551500         | NYC               | NY            | USA          | Michael          |    76400.00 |
|            186 | 90-224 8555        | Helsinki          | NULL          | Finland      | Matti            |    96500.00 |
|            187 | (171) 555-1555     | Manchester        | NULL          | UK           | Rachel           |   136800.00 |
|            189 | +353 1862 1555     | Dublin            | NULL          | Ireland      | Dean             |    69400.00 |
|            198 | 6175558428         | Brickhaven        | MA            | USA          | Leslie           |    23000.00 |
|            201 | (171) 555-2282     | Liverpool         | NULL          | UK           | Elizabeth        |    92700.00 |
|            202 | (604) 555-3392     | Vancouver         | BC            | Canada       | Yoshi            |    90300.00 |
|            204 | 6175557555         | Brickhaven        | MA            | USA          | Miguel           |    68700.00 |
|            205 | 6265557265         | Pasadena          | CA            | USA          | Julie            |    90700.00 |
|            206 | +612 9411 1555     | Singapore         | NULL          | Singapore    | Brydey           |        0.00 |
|            209 | 88.60.1555         | Strasbourg        | NULL          | France       | Frédérique       |    53800.00 |
|            211 | +852 2251 1555     | Central Hong Kong | NULL          | Hong Kong    | Mike             |    58600.00 |
|            216 | (93) 203 4555      | Barcelona         | NULL          | Spain        | Eduardo          |    60300.00 |
|            219 | 3105552373         | Glendale          | CA            | USA          | Mary             |    11000.00 |
|            223 | 0372-555188        | Cunewalde         | NULL          | Germany      | Horst            |        0.00 |
|            227 | 86 21 3555         | Århus             | NULL          | Denmark      | Palle            |   120800.00 |
|            233 | (514) 555-8054     | Montréal          | Québec        | Canada       | Jean             |    48700.00 |
|            237 | (91) 745 6555      | Madrid            | NULL          | Spain        | Alejandra        |        0.00 |
|            239 | 7605558146         | San Diego         | CA            | USA          | Valarie          |   105000.00 |
|            240 | (198) 555-8888     | Cowes             | Isle of Wight | UK           | Helen            |    93900.00 |
|            242 | 61.77.6555         | Toulouse          | NULL          | France       | Annette          |    61100.00 |
|            247 | 069-0555984        | Frankfurt         | NULL          | Germany      | Renate           |        0.00 |
|            249 | 011-4988555        | Torino            | NULL          | Italy        | Paolo            |   113000.00 |
|            250 | +33 1 46 62 7555   | Paris             | NULL          | France       | Daniel           |    68100.00 |
|            256 | 30.59.8555         | Versailles        | NULL          | France       | Daniel           |    77900.00 |
|            259 | 0221-5554327       | Köln              | NULL          | Germany      | Henriette        |   120400.00 |
|            260 | (604) 555-4555     | Tsawassen         | BC            | Canada       | Elizabeth        |    89600.00 |
|            273 | 089-0877555        | München           | NULL          | Germany      | Peter            |        0.00 |
|            276 | 02 9936 8555       | North Sydney      | NSW           | Australia    | Anna             |   107800.00 |
|            278 | 035-640555         | Bergamo           | NULL          | Italy        | Giovanni         |   119600.00 |
|            282 | +61 2 9495 8555    | Chatswood         | NSW           | Australia    | Adrian           |    93300.00 |
|            286 | 6175558555         | Cambridge         | MA            | USA          | Marta            |   123700.00 |
|            293 | +41 26 425 50 01   | Fribourg          | NULL          | Switzerland  | Ed               |        0.00 |
|            298 | 0897-034555        | Genève            | NULL          | Switzerland  | Mihael           |   141300.00 |
|            299 | +47 2212 1555      | Oslo              | NULL          | Norway       | Jan              |    95100.00 |
|            303 | +31 20 491 9555    | Amsterdam         | NULL          | Netherlands  | Bradley          |        0.00 |
|            307 | 030-0074555        | Berlin            | NULL          | Germany      | Mel              |        0.00 |
|            311 | 981-443655         | Oulu              | NULL          | Finland      | Pirkko           |    90500.00 |
|            314 | (02) 5554 67       | Bruxelles         | NULL          | Belgium      | Catherine        |    79900.00 |
|            319 | 9145554562         | White Plains      | NY            | USA          | Steve            |   102700.00 |
|            320 | 5085559555         | New Bedford       | MA            | USA          | Wing             |    94500.00 |
|            321 | 6505551386         | San Francisco     | CA            | USA          | Julie            |   105000.00 |
|            323 | +64 9 312 5555     | Auckland          | NULL          | New Zealand  | Mike             |    88000.00 |
|            324 | (171) 555-0297     | London            | NULL          | UK           | Ann              |    77000.00 |
|            328 | 2015559350         | Newark            | NJ            | USA          | William          |    43000.00 |
|            333 | 61-7-3844-6555     | South Brisbane    | Queensland    | Australia    | Ben              |    51600.00 |
|            334 | +358 9 8045 555    | Espoo             | NULL          | Finland      | Kalle            |    98800.00 |
|            335 | 0555-09555         | Brandenburg       | NULL          | Germany      | Philip           |        0.00 |
|            339 | 2155554695         | Philadelphia      | PA            | USA          | Francisca        |    81100.00 |
|            344 | +34 913 728 555    | Madrid            | NULL          | Spain        | Jesus            |    59600.00 |
|            347 | 2155554369         | Los Angeles       | CA            | USA          | Brian            |    57700.00 |
|            348 | 2967 555           | Cork              | Co. Cork      | Ireland      | Patricia         |        0.00 |
|            350 | 91.24.4555         | Marseille         | NULL          | France       | Laurence         |    65000.00 |
|            353 | 26.47.1555         | Reims             | NULL          | France       | Paul             |    81100.00 |
|            356 | +27 21 550 3555    | Hatfield          | Pretoria      | South Africa | Armand           |        0.00 |
|            357 | 64-9-3763555       | Auckland          | NULL          | New Zealand  | Wales            |    77700.00 |
|            361 | 0251-555259        | Münster           | NULL          | Germany      | Karin            |        0.00 |
|            362 | 6175559555         | Boston            | MA            | USA          | Juri             |    41900.00 |
|            363 | 6035558647         | Nashua            | NH            | USA          | Dorothy          |   114200.00 |
|            369 | (1) 354-2555       | Lisboa            | NULL          | Portugal     | Lino             |        0.00 |
|            376 | 0452-076555        | Bern              | NULL          | Switzerland  | Braun            |        0.00 |
|            379 | 6175558555         | Brickhaven        | MA            | USA          | Allen            |    70700.00 |
|            381 | (071) 23 67 2555   | Charleroi         | NULL          | Belgium      | Pascale          |    23500.00 |
|            382 | 6562-9555          | Salzburg          | NULL          | Austria      | Georg            |    71700.00 |
|            385 | +63 2 555 3587     | Makati City       | NULL          | Philippines  | Arnold           |    81500.00 |
|            386 | 0522-556555        | Reggio Emilia     | NULL          | Italy        | Maurizio         |   121400.00 |
|            398 | +81 3 3584 0555    | Minato-ku         | Tokyo         | Japan        | Akiko            |    94400.00 |
|            406 | (1) 47.55.6555     | Paris             | NULL          | France       | Dominique        |    95000.00 |
|            409 | 0711-555361        | Stuttgart         | NULL          | Germany      | Rita             |        0.00 |
|            412 | 04 499 9555        | Wellington        | NULL          | New Zealand  | Sarah            |    86800.00 |
|            415 |  +49 89 61 08 9555 | Munich            | NULL          | Germany      | Michael          |    77000.00 |
|            424 | 2125558493         | NYC               | NY            | USA          | Maria            |    67500.00 |
|            443 | 0342-555176        | Leipzig           | NULL          | Germany      | Alexander        |        0.00 |
|            447 | 2035554407         | Glendale          | CT            | USA          | Dan              |    49700.00 |
|            448 | 0695-34 6555       | Bräcke            | NULL          | Sweden       | Martha           |   116400.00 |
|            450 | 4085553659         | San Jose          | CA            | USA          | Sue              |    77600.00 |
|            452 | 7675-3555          | Graz              | NULL          | Austria      | Roland           |    45300.00 |
|            455 | 2035559545         | New Haven         | CT            | USA          | Leslie           |    95400.00 |
|            456 | 2125551957         | NYC               | NY            | USA          | Yu               |    39800.00 |
|            458 | (91) 555 22 82     | Madrid            | NULL          | Spain        | Martín           |   104600.00 |
|            459 | 0241-039123        | Aachen            | NULL          | Germany      | Sven             |        0.00 |
|            462 | 5085552555         | New Bedford       | MA            | USA          | Violeta          |    85800.00 |
|            465 | +34 913 728555     | Madrid            | NULL          | Spain        | Carmen           |        0.00 |
|            471 | 61-9-3844-6555     | Glen Waverly      | Victoria      | Australia    | Sean             |    60300.00 |
|            473 | +39 022515555      | Milan             | NULL          | Italy        | Franco           |    34800.00 |
|            475 | 3105553722         | Burbank           | CA            | USA          | Steve            |    55400.00 |
|            477 | 0621-08555         | Mannheim          | NULL          | Germany      | Hanna            |        0.00 |
|            480 | +7 812 293 0521    | Saint Petersburg  | NULL          | Russia       | Alexander        |        0.00 |
|            481 | + 972 9 959 8555   | Herzlia           | NULL          | Israel       | Raanan           |        0.00 |
|            484 | (95) 555 82 82     | Sevilla           | NULL          | Spain        | José Pedro       |    65700.00 |
|            486 | 2155559857         | Philadelphia      | PA            | USA          | Rosa             |    72600.00 |
|            487 | 4155554312         | Brisbane          | CA            | USA          | Sue              |    60300.00 |
|            489 | (171) 555-7555     | London            | NULL          | UK           | Thomas           |    43300.00 |
|            495 | 6175552555         | Boston            | MA            | USA          | Valarie          |    85100.00 |
|            496 | +64 9 5555500      | Auckland          | NULL          | New Zealand  | Tony             |   110000.00 |
+----------------+--------------------+-------------------+---------------+--------------+------------------+-------------+
122 rows in set (0.00 sec)

mysql> select customerNumber, phone, city, state, country, contactFirstName, creditLimit From customers limit 5;
+----------------+--------------+-----------+----------+-----------+------------------+-------------+
| customerNumber | phone        | city      | state    | country   | contactFirstName | creditLimit |
+----------------+--------------+-----------+----------+-----------+------------------+-------------+
|            103 | 40.32.2555   | Nantes    | NULL     | France    | Carine           |    21000.00 |
|            112 | 7025551838   | Las Vegas | NV       | USA       | Jean             |    71800.00 |
|            114 | 03 9520 4555 | Melbourne | Victoria | Australia | Peter            |   117300.00 |
|            119 | 40.67.8555   | Nantes    | NULL     | France    | Janine           |   118200.00 |
|            121 | 07-98 9555   | Stavern   | NULL     | Norway    | Jonas            |    81700.00 |
+----------------+--------------+-----------+----------+-----------+------------------+-------------+
5 rows in set (0.01 sec)

mysql> select customerName, country from customers group by country;
ERROR 1055 (42000): Expression #1 of SELECT list is not in GROUP BY clause and contains nonaggregated column 'classicmodels.customers.customerName' which is not functionally dependent on columns in GROUP BY clause; this is incompatible with sql_mode=only_full_group_by
mysql> select customerName, country From customers Group By country;
ERROR 1055 (42000): Expression #1 of SELECT list is not in GROUP BY clause and contains nonaggregated column 'classicmodels.customers.customerName' which is not functionally dependent on columns in GROUP BY clause; this is incompatible with sql_mode=only_full_group_by
mysql> select customerName, country From customers group by country,
    -> 
    -> 
    -> 
    -> select customerName, country From customers group by country;
ERROR 1064 (42000): You have an error in your SQL syntax; check the manual that corresponds to your MySQL server version for the right syntax to use near 'select customerName, country From customers group by country' at line 5
mysql> select customerName, country From customers group by country;
ERROR 1055 (42000): Expression #1 of SELECT list is not in GROUP BY clause and contains nonaggregated column 'classicmodels.customers.customerName' which is not functionally dependent on columns in GROUP BY clause; this is incompatible with sql_mode=only_full_group_by
mysql> select country, count(*) From customers;
ERROR 1140 (42000): In aggregated query without GROUP BY, expression #1 of SELECT list contains nonaggregated column 'classicmodels.customers.country'; this is incompatible with sql_mode=only_full_group_by
mysql> select country, count(*) From customers group by country;
+--------------+----------+
| country      | count(*) |
+--------------+----------+
| France       |       12 |
| USA          |       36 |
| Australia    |        5 |
| Norway       |        3 |
| Poland       |        1 |
| Germany      |       13 |
| Spain        |        7 |
| Sweden       |        2 |
| Denmark      |        2 |
| Singapore    |        3 |
| Portugal     |        2 |
| Japan        |        2 |
| Finland      |        3 |
| UK           |        5 |
| Ireland      |        2 |
| Canada       |        3 |
| Hong Kong    |        1 |
| Italy        |        4 |
| Switzerland  |        3 |
| Netherlands  |        1 |
| Belgium      |        2 |
| New Zealand  |        4 |
| South Africa |        1 |
| Austria      |        2 |
| Philippines  |        1 |
| Russia       |        1 |
| Israel       |        1 |
+--------------+----------+
27 rows in set (0.00 sec)

mysql> (select orderNumber, sum(quantityOrdered) from orderdetails where orderNumber=10425 group by orderNumber ;)
ERROR 1064 (42000): You have an error in your SQL syntax; check the manual that corresponds to your MySQL server version for the right syntax to use near '' at line 1
    -> select customerName, country From customers group by country,    select customerName, country From customers group by country;
ERROR 1064 (42000): You have an error in your SQL syntax; check the manual that corresponds to your MySQL server version for the right syntax to use near ')
select customerName, country From customers group by country,    select custom' at line 1
mysql> select orderNumber, sum(quantityOrdered) from orderdetails where orderNumber=10425 group by orderNumber ;
+-------------+----------------------+
| orderNumber | sum(quantityOrdered) |
+-------------+----------------------+
|       10425 |                  427 |
+-------------+----------------------+
1 row in set (0.00 sec)

mysql> SELECT  productCode,Count(*) FROM orderdetails group by  productCode;
+-------------+----------+
| productCode | Count(*) |
+-------------+----------+
| S10_1678    |       28 |
| S10_1949    |       28 |
| S10_2016    |       28 |
| S10_4698    |       28 |
| S10_4757    |       28 |
| S10_4962    |       28 |
| S12_1099    |       27 |
| S12_1108    |       27 |
| S12_1666    |       28 |
| S12_2823    |       28 |
| S12_3148    |       27 |
| S12_3380    |       27 |
| S12_3891    |       27 |
| S12_3990    |       27 |
| S12_4473    |       28 |
| S12_4675    |       27 |
| S18_1097    |       28 |
| S18_1129    |       27 |
| S18_1342    |       28 |
| S18_1367    |       28 |
| S18_1589    |       25 |
| S18_1662    |       28 |
| S18_1749    |       25 |
| S18_1889    |       27 |
| S18_1984    |       27 |
| S18_2238    |       28 |
| S18_2248    |       25 |
| S18_2319    |       28 |
| S18_2325    |       28 |
| S18_2432    |       28 |
| S18_2581    |       28 |
| S18_2625    |       28 |
| S18_2795    |       28 |
| S18_2870    |       25 |
| S18_2949    |       28 |
| S18_2957    |       28 |
| S18_3029    |       28 |
| S18_3136    |       28 |
| S18_3140    |       27 |
| S18_3232    |       53 |
| S18_3259    |       27 |
| S18_3278    |       27 |
| S18_3320    |       28 |
| S18_3482    |       27 |
| S18_3685    |       25 |
| S18_3782    |       27 |
| S18_3856    |       28 |
| S18_4027    |       27 |
| S18_4409    |       25 |
| S18_4522    |       27 |
| S18_4600    |       28 |
| S18_4668    |       28 |
| S18_4721    |       27 |
| S18_4933    |       24 |
| S24_1046    |       25 |
| S24_1444    |       28 |
| S24_1578    |       28 |
| S24_1628    |       25 |
| S24_1785    |       28 |
| S24_1937    |       28 |
| S24_2000    |       28 |
| S24_2011    |       27 |
| S24_2022    |       28 |
| S24_2300    |       28 |
| S24_2360    |       27 |
| S24_2766    |       25 |
| S24_2840    |       28 |
| S24_2841    |       28 |
| S24_2887    |       24 |
| S24_2972    |       27 |
| S24_3151    |       27 |
| S24_3191    |       25 |
| S24_3371    |       27 |
| S24_3420    |       28 |
| S24_3432    |       25 |
| S24_3816    |       28 |
| S24_3856    |       27 |
| S24_3949    |       28 |
| S24_3969    |       25 |
| S24_4048    |       27 |
| S24_4258    |       28 |
| S24_4278    |       28 |
| S24_4620    |       27 |
| S32_1268    |       28 |
| S32_1374    |       28 |
| S32_2206    |       27 |
| S32_2509    |       28 |
| S32_3207    |       27 |
| S32_3522    |       28 |
| S32_4289    |       28 |
| S32_4485    |       27 |
| S50_1341    |       28 |
| S50_1392    |       28 |
| S50_1514    |       27 |
| S50_4713    |       27 |
| S700_1138   |       27 |
| S700_1691   |       28 |
| S700_1938   |       27 |
| S700_2047   |       28 |
| S700_2466   |       28 |
| S700_2610   |       27 |
| S700_2824   |       28 |
| S700_2834   |       28 |
| S700_3167   |       28 |
| S700_3505   |       27 |
| S700_3962   |       27 |
| S700_4002   |       28 |
| S72_1253    |       28 |
| S72_3212    |       27 |
+-------------+----------+
109 rows in set (0.01 sec)

mysql> SELECT productLine,SUM(quantityInStock) FROM products GROUP BY productLine HAVING SUM(quantityInStock)>50000 ORDER BY SUM(quantityInStock) ;
+--------------+----------------------+
| productLine  | SUM(quantityInStock) |
+--------------+----------------------+
| Planes       |                62287 |
| Motorcycles  |                69401 |
| Vintage Cars |               124880 |
| Classic Cars |               219183 |
+--------------+----------------------+
4 rows in set (0.00 sec)

mysql> SELECT employeeNumber FROM employees WHERE jobTitle IN (‘President, ‘VP Sales'); 
    '> 
    '> 
    '> SELECT employeeNumber FROM employees WHERE reportsTo NOT IN (1002, 1056); 
    '> show tables;
    '> 
    '> show databsess;
    '> SELECT employeeNumber FROM employees WHERE reportsTo NOT IN (1002, 1056);SELECT phone from customers WHERE customerName LIKE ‘%to-Mo%’;
    '> SELECT employeeNumber FROM employees WHERE reportsTo NOT IN (1002, 1056);SELECT phone from customers WHERE customerName LIKE ‘%to-Mo%’;
    '> 
    '> SELECT productLine,SUM(quantityInStock) FROM products GROUP BY productLine HAVING SUM(quantityInStock)>50000 ORDER BY SUM(quantityInStock) ;
    '> select avg(amount) From payments where amount > 20000;
    '> 
    '> 
    '> 
    '> 
    '> show databsess;error;
    '> SELECT productLine,SUM(quantityInStock) FROM products GROUP BY productLine HAVING SUM(quantityInStock)>50000 ORDER BY SUM(quantityInStock) 
    '> 
